Archive member included to satisfy reference by file (symbol)

C:/ST/STM32CubeIDE_1.13.2/STM32CubeIDE/plugins/com.st.stm32cube.ide.mcu.externaltools.gnu-tools-for-stm32.11.3.rel1.win32_1.1.1.202309131626/tools/bin/../lib/gcc/arm-none-eabi/11.3.1/../../../../arm-none-eabi/lib/thumb/v7e-m+fp/hard\libc_nano.a(libc_a-exit.o)
                              C:/ST/STM32CubeIDE_1.13.2/STM32CubeIDE/plugins/com.st.stm32cube.ide.mcu.externaltools.gnu-tools-for-stm32.11.3.rel1.win32_1.1.1.202309131626/tools/bin/../lib/gcc/arm-none-eabi/11.3.1/../../../../arm-none-eabi/lib/thumb/v7e-m+fp/hard/crt0.o (exit)
C:/ST/STM32CubeIDE_1.13.2/STM32CubeIDE/plugins/com.st.stm32cube.ide.mcu.externaltools.gnu-tools-for-stm32.11.3.rel1.win32_1.1.1.202309131626/tools/bin/../lib/gcc/arm-none-eabi/11.3.1/../../../../arm-none-eabi/lib/thumb/v7e-m+fp/hard\libc_nano.a(libc_a-findfp.o)
                              ./Middlewares/Third_Party/FreeRTOS/Source/tasks.o (__sf)
C:/ST/STM32CubeIDE_1.13.2/STM32CubeIDE/plugins/com.st.stm32cube.ide.mcu.externaltools.gnu-tools-for-stm32.11.3.rel1.win32_1.1.1.202309131626/tools/bin/../lib/gcc/arm-none-eabi/11.3.1/../../../../arm-none-eabi/lib/thumb/v7e-m+fp/hard\libc_nano.a(libc_a-fwalk.o)
                              C:/ST/STM32CubeIDE_1.13.2/STM32CubeIDE/plugins/com.st.stm32cube.ide.mcu.externaltools.gnu-tools-for-stm32.11.3.rel1.win32_1.1.1.202309131626/tools/bin/../lib/gcc/arm-none-eabi/11.3.1/../../../../arm-none-eabi/lib/thumb/v7e-m+fp/hard\libc_nano.a(libc_a-findfp.o) (_fwalk_sglue)
C:/ST/STM32CubeIDE_1.13.2/STM32CubeIDE/plugins/com.st.stm32cube.ide.mcu.externaltools.gnu-tools-for-stm32.11.3.rel1.win32_1.1.1.202309131626/tools/bin/../lib/gcc/arm-none-eabi/11.3.1/../../../../arm-none-eabi/lib/thumb/v7e-m+fp/hard\libc_nano.a(libc_a-stdio.o)
                              C:/ST/STM32CubeIDE_1.13.2/STM32CubeIDE/plugins/com.st.stm32cube.ide.mcu.externaltools.gnu-tools-for-stm32.11.3.rel1.win32_1.1.1.202309131626/tools/bin/../lib/gcc/arm-none-eabi/11.3.1/../../../../arm-none-eabi/lib/thumb/v7e-m+fp/hard\libc_nano.a(libc_a-findfp.o) (__sread)
C:/ST/STM32CubeIDE_1.13.2/STM32CubeIDE/plugins/com.st.stm32cube.ide.mcu.externaltools.gnu-tools-for-stm32.11.3.rel1.win32_1.1.1.202309131626/tools/bin/../lib/gcc/arm-none-eabi/11.3.1/../../../../arm-none-eabi/lib/thumb/v7e-m+fp/hard\libc_nano.a(libc_a-memset.o)
                              C:/ST/STM32CubeIDE_1.13.2/STM32CubeIDE/plugins/com.st.stm32cube.ide.mcu.externaltools.gnu-tools-for-stm32.11.3.rel1.win32_1.1.1.202309131626/tools/bin/../lib/gcc/arm-none-eabi/11.3.1/../../../../arm-none-eabi/lib/thumb/v7e-m+fp/hard/crt0.o (memset)
C:/ST/STM32CubeIDE_1.13.2/STM32CubeIDE/plugins/com.st.stm32cube.ide.mcu.externaltools.gnu-tools-for-stm32.11.3.rel1.win32_1.1.1.202309131626/tools/bin/../lib/gcc/arm-none-eabi/11.3.1/../../../../arm-none-eabi/lib/thumb/v7e-m+fp/hard\libc_nano.a(libc_a-closer.o)
                              C:/ST/STM32CubeIDE_1.13.2/STM32CubeIDE/plugins/com.st.stm32cube.ide.mcu.externaltools.gnu-tools-for-stm32.11.3.rel1.win32_1.1.1.202309131626/tools/bin/../lib/gcc/arm-none-eabi/11.3.1/../../../../arm-none-eabi/lib/thumb/v7e-m+fp/hard\libc_nano.a(libc_a-stdio.o) (_close_r)
C:/ST/STM32CubeIDE_1.13.2/STM32CubeIDE/plugins/com.st.stm32cube.ide.mcu.externaltools.gnu-tools-for-stm32.11.3.rel1.win32_1.1.1.202309131626/tools/bin/../lib/gcc/arm-none-eabi/11.3.1/../../../../arm-none-eabi/lib/thumb/v7e-m+fp/hard\libc_nano.a(libc_a-reent.o)
                              ./Middlewares/Third_Party/FreeRTOS/Source/tasks.o (_reclaim_reent)
C:/ST/STM32CubeIDE_1.13.2/STM32CubeIDE/plugins/com.st.stm32cube.ide.mcu.externaltools.gnu-tools-for-stm32.11.3.rel1.win32_1.1.1.202309131626/tools/bin/../lib/gcc/arm-none-eabi/11.3.1/../../../../arm-none-eabi/lib/thumb/v7e-m+fp/hard\libc_nano.a(libc_a-impure.o)
                              ./Middlewares/Third_Party/FreeRTOS/Source/tasks.o (_impure_ptr)
C:/ST/STM32CubeIDE_1.13.2/STM32CubeIDE/plugins/com.st.stm32cube.ide.mcu.externaltools.gnu-tools-for-stm32.11.3.rel1.win32_1.1.1.202309131626/tools/bin/../lib/gcc/arm-none-eabi/11.3.1/../../../../arm-none-eabi/lib/thumb/v7e-m+fp/hard\libc_nano.a(libc_a-lseekr.o)
                              C:/ST/STM32CubeIDE_1.13.2/STM32CubeIDE/plugins/com.st.stm32cube.ide.mcu.externaltools.gnu-tools-for-stm32.11.3.rel1.win32_1.1.1.202309131626/tools/bin/../lib/gcc/arm-none-eabi/11.3.1/../../../../arm-none-eabi/lib/thumb/v7e-m+fp/hard\libc_nano.a(libc_a-stdio.o) (_lseek_r)
C:/ST/STM32CubeIDE_1.13.2/STM32CubeIDE/plugins/com.st.stm32cube.ide.mcu.externaltools.gnu-tools-for-stm32.11.3.rel1.win32_1.1.1.202309131626/tools/bin/../lib/gcc/arm-none-eabi/11.3.1/../../../../arm-none-eabi/lib/thumb/v7e-m+fp/hard\libc_nano.a(libc_a-readr.o)
[...]
Memory Configuration

Name             Origin             Length             Attributes
RAM              0x0000000020000000 0x0000000000020000 xrw
FLASH            0x0000000008000000 0x0000000000067000 xr
*default*        0x0000000000000000 0xffffffffffffffff

Linker script and memory map

LOAD C:/ST/STM32CubeIDE_1.13.2/STM32CubeIDE/plugins/com.st.stm32cube.ide.mcu.externaltools.gnu-tools-for-stm32.11.3.rel1.win32_1.1.1.202309131626/tools/bin/../lib/gcc/arm-none-eabi/11.3.1/thumb/v7e-m+fp/hard/crti.o
LOAD C:/ST/STM32CubeIDE_1.13.2/STM32CubeIDE/plugins/com.st.stm32cube.ide.mcu.externaltools.gnu-tools-for-stm32.11.3.rel1.win32_1.1.1.202309131626/tools/bin/../lib/gcc/arm-none-eabi/11.3.1/thumb/v7e-m+fp/hard/crtbegin.o
LOAD C:/ST/STM32CubeIDE_1.13.2/STM32CubeIDE/plugins/com.st.stm32cube.ide.mcu.externaltools.gnu-tools-for-stm32.11.3.rel1.win32_1.1.1.202309131626/tools/bin/../lib/gcc/arm-none-eabi/11.3.1/../../../../arm-none-eabi/lib/thumb/v7e-m+fp/hard/crt0.o
LOAD ./Core/Src/acc_brk_ctrl.o
LOAD ./Core/Src/app_freertos.o
LOAD ./Core/Src/can.o
LOAD ./Core/Src/core.o
LOAD ./Core/Src/flash_mem.o
LOAD ./Core/Src/main.o
LOAD ./Core/Src/motor.o
LOAD ./Core/Src/stm32g4xx_hal_msp.o
LOAD ./Core/Src/stm32g4xx_hal_timebase_tim.o
LOAD ./Core/Src/stm32g4xx_it.o
LOAD ./Core/Src/syscalls.o
LOAD ./Core/Src/sysmem.o
LOAD ./Core/Src/system_stm32g4xx.o
LOAD ./Core/Src/trz_util.o
LOAD ./Core/Src/uart.o
LOAD ./Core/Startup/startup_stm32g474vetx.o
LOAD ./Drivers/STM32G4xx_HAL_Driver/Src/stm32g4xx_hal.o
LOAD ./Drivers/STM32G4xx_HAL_Driver/Src/stm32g4xx_hal_cortex.o
LOAD ./Drivers/STM32G4xx_HAL_Driver/Src/stm32g4xx_hal_dma.o
LOAD ./Drivers/STM32G4xx_HAL_Driver/Src/stm32g4xx_hal_dma_ex.o
LOAD ./Drivers/STM32G4xx_HAL_Driver/Src/stm32g4xx_hal_exti.o
LOAD ./Drivers/STM32G4xx_HAL_Driver/Src/stm32g4xx_hal_fdcan.o
LOAD ./Drivers/STM32G4xx_HAL_Driver/Src/stm32g4xx_hal_flash.o
LOAD ./Drivers/STM32G4xx_HAL_Driver/Src/stm32g4xx_hal_flash_ex.o
LOAD ./Drivers/STM32G4xx_HAL_Driver/Src/stm32g4xx_hal_flash_ramfunc.o
LOAD ./Drivers/STM32G4xx_HAL_Driver/Src/stm32g4xx_hal_gpio.o
LOAD ./Drivers/STM32G4xx_HAL_Driver/Src/stm32g4xx_hal_pwr.o
LOAD ./Drivers/STM32G4xx_HAL_Driver/Src/stm32g4xx_hal_pwr_ex.o
LOAD ./Drivers/STM32G4xx_HAL_Driver/Src/stm32g4xx_hal_rcc.o
LOAD ./Drivers/STM32G4xx_HAL_Driver/Src/stm32g4xx_hal_rcc_ex.o
LOAD ./Drivers/STM32G4xx_HAL_Driver/Src/stm32g4xx_hal_tim.o
LOAD ./Drivers/STM32G4xx_HAL_Driver/Src/stm32g4xx_hal_tim_ex.o
LOAD ./Drivers/STM32G4xx_HAL_Driver/Src/stm32g4xx_hal_uart.o
LOAD ./Drivers/STM32G4xx_HAL_Driver/Src/stm32g4xx_hal_uart_ex.o
LOAD ./Middlewares/Third_Party/FreeRTOS/Source/CMSIS_RTOS/cmsis_os.o
LOAD ./Middlewares/Third_Party/FreeRTOS/Source/croutine.o
LOAD ./Middlewares/Third_Party/FreeRTOS/Source/event_groups.o
LOAD ./Middlewares/Third_Party/FreeRTOS/Source/list.o
LOAD ./Middlewares/Third_Party/FreeRTOS/Source/queue.o
LOAD ./Middlewares/Third_Party/FreeRTOS/Source/stream_buffer.o
LOAD ./Middlewares/Third_Party/FreeRTOS/Source/tasks.o
LOAD ./Middlewares/Third_Party/FreeRTOS/Source/timers.o
LOAD ./Middlewares/Third_Party/FreeRTOS/Source/portable/GCC/ARM_CM4F/port.o
LOAD ./Middlewares/Third_Party/FreeRTOS/Source/portable/MemMang/heap_4.o
START GROUP
LOAD C:/ST/STM32CubeIDE_1.13.2/STM32CubeIDE/plugins/com.st.stm32cube.ide.mcu.externaltools.gnu-tools-for-stm32.11.3.rel1.win32_1.1.1.202309131626/tools/bin/../lib/gcc/arm-none-eabi/11.3.1/../../../../arm-none-eabi/lib/thumb/v7e-m+fp/hard\libc_nano.a
LOAD C:/ST/STM32CubeIDE_1.13.2/STM32CubeIDE/plugins/com.st.stm32cube.ide.mcu.externaltools.gnu-tools-for-stm32.11.3.rel1.win32_1.1.1.202309131626/tools/bin/../lib/gcc/arm-none-eabi/11.3.1/../../../../arm-none-eabi/lib/thumb/v7e-m+fp/hard\libm.a
END GROUP
START GROUP
LOAD C:/ST/STM32CubeIDE_1.13.2/STM32CubeIDE/plugins/com.st.stm32cube.ide.mcu.externaltools.gnu-tools-for-stm32.11.3.rel1.win32_1.1.1.202309131626/tools/bin/../lib/gcc/arm-none-eabi/11.3.1/thumb/v7e-m+fp/hard\libgcc.a
LOAD C:/ST/STM32CubeIDE_1.13.2/STM32CubeIDE/plugins/com.st.stm32cube.ide.mcu.externaltools.gnu-tools-for-stm32.11.3.rel1.win32_1.1.1.202309131626/tools/bin/../lib/gcc/arm-none-eabi/11.3.1/../../../../arm-none-eabi/lib/thumb/v7e-m+fp/hard\libc_nano.a
END GROUP
START GROUP
LOAD C:/ST/STM32CubeIDE_1.13.2/STM32CubeIDE/plugins/com.st.stm32cube.ide.mcu.externaltools.gnu-tools-for-stm32.11.3.rel1.win32_1.1.1.202309131626/tools/bin/../lib/gcc/arm-none-eabi/11.3.1/thumb/v7e-m+fp/hard\libgcc.a
LOAD C:/ST/STM32CubeIDE_1.13.2/STM32CubeIDE/plugins/com.st.stm32cube.ide.mcu.externaltools.gnu-tools-for-stm32.11.3.rel1.win32_1.1.1.202309131626/tools/bin/../lib/gcc/arm-none-eabi/11.3.1/../../../../arm-none-eabi/lib/thumb/v7e-m+fp/hard\libc_nano.a
LOAD C:/ST/STM32CubeIDE_1.13.2/STM32CubeIDE/plugins/com.st.stm32cube.ide.mcu.externaltools.gnu-tools-for-stm32.11.3.rel1.win32_1.1.1.202309131626/tools/bin/../lib/gcc/arm-none-eabi/11.3.1/../../../../arm-none-eabi/lib/thumb/v7e-m+fp/hard\libnosys.a
END GROUP
START GROUP
LOAD C:/ST/STM32CubeIDE_1.13.2/STM32CubeIDE/plugins/com.st.stm32cube.ide.mcu.externaltools.gnu-tools-for-stm32.11.3.rel1.win32_1.1.1.202309131626/tools/bin/../lib/gcc/arm-none-eabi/11.3.1/thumb/v7e-m+fp/hard\libgcc.a
LOAD C:/ST/STM32CubeIDE_1.13.2/STM32CubeIDE/plugins/com.st.stm32cube.ide.mcu.externaltools.gnu-tools-for-stm32.11.3.rel1.win32_1.1.1.202309131626/tools/bin/../lib/gcc/arm-none-eabi/11.3.1/../../../../arm-none-eabi/lib/thumb/v7e-m+fp/hard\libc_nano.a
LOAD C:/ST/STM32CubeIDE_1.13.2/STM32CubeIDE/plugins/com.st.stm32cube.ide.mcu.externaltools.gnu-tools-for-stm32.11.3.rel1.win32_1.1.1.202309131626/tools/bin/../lib/gcc/arm-none-eabi/11.3.1/../../../../arm-none-eabi/lib/thumb/v7e-m+fp/hard\libnosys.a
END GROUP
LOAD C:/ST/STM32CubeIDE_1.13.2/STM32CubeIDE/plugins/com.st.stm32cube.ide.mcu.externaltools.gnu-tools-for-stm32.11.3.rel1.win32_1.1.1.202309131626/tools/bin/../lib/gcc/arm-none-eabi/11.3.1/thumb/v7e-m+fp/hard/crtend.o
LOAD C:/ST/STM32CubeIDE_1.13.2/STM32CubeIDE/plugins/com.st.stm32cube.ide.mcu.externaltools.gnu-tools-for-stm32.11.3.rel1.win32_1.1.1.202309131626/tools/bin/../lib/gcc/arm-none-eabi/11.3.1/thumb/v7e-m+fp/hard/crtn.o
                0x0000000020020000                _estack = (ORIGIN (RAM) + LENGTH (RAM))
                0x0000000000000200                _Min_Heap_Size = 0x200
                0x0000000000000400                _Min_Stack_Size = 0x400

.isr_vector     0x0000000008000000      0x1d8
                0x0000000008000000                . = ALIGN (0x4)
 *(.isr_vector)
 .isr_vector    0x0000000008000000      0x1d8 ./Core/Startup/startup_stm32g474vetx.o
                0x0000000008000000                g_pfnVectors
                0x00000000080001d8                . = ALIGN (0x4)

.text           0x00000000080001e0     0x95d8
                0x00000000080001e0                . = ALIGN (0x4)
 *(.text)
 .text          0x00000000080001e0       0x40 C:/ST/STM32CubeIDE_1.13.2/STM32CubeIDE/plugins/com.st.stm32cube.ide.mcu.externaltools.gnu-tools-for-stm32.11.3.rel1.win32_1.1.1.202309131626/tools/bin/../lib/gcc/arm-none-eabi/11.3.1/thumb/v7e-m+fp/hard/crtbegin.o
 .text          0x0000000008000220      0x254 C:/ST/STM32CubeIDE_1.13.2/STM32CubeIDE/plugins/com.st.stm32cube.ide.mcu.externaltools.gnu-tools-for-stm32.11.3.rel1.win32_1.1.1.202309131626/tools/bin/../lib/gcc/arm-none-eabi/11.3.1/thumb/v7e-m+fp/hard\libgcc.a(_arm_muldf3.o)
                0x0000000008000220                __muldf3
                0x0000000008000220                __aeabi_dmul
 .text          0x0000000008000474      0x378 C:/ST/STM32CubeIDE_1.13.2/STM32CubeIDE/plugins/com.st.stm32cube.ide.mcu.externaltools.gnu-tools-for-stm32.11.3.rel1.win32_1.1.1.202309131626/tools/bin/../lib/gcc/arm-none-eabi/11.3.1/thumb/v7e-m+fp/hard\libgcc.a(_arm_addsubdf3.o)
                0x0000000008000474                __aeabi_drsub
                0x000000000800047c                __aeabi_dsub
                0x000000000800047c                __subdf3
                0x0000000008000480                __aeabi_dadd
                0x0000000008000480                __adddf3
                0x00000000080006f8                __floatunsidf
                0x00000000080006f8                __aeabi_ui2d
                0x0000000008000718                __floatsidf
                0x0000000008000718                __aeabi_i2d
                0x000000000800073c                __aeabi_f2d
                0x000000000800073c                __extendsfdf2
                0x0000000008000780                __floatundidf
                0x0000000008000780                __aeabi_ul2d
                0x0000000008000790                __floatdidf
                0x0000000008000790                __aeabi_l2d
 .text          0x00000000080007ec       0xa0 C:/ST/STM32CubeIDE_1.13.2/STM32CubeIDE/plugins/com.st.stm32cube.ide.mcu.externaltools.gnu-tools-for-stm32.11.3.rel1.win32_1.1.1.202309131626/tools/bin/../lib/gcc/arm-none-eabi/11.3.1/thumb/v7e-m+fp/hard\libgcc.a(_arm_truncdfsf2.o)
                0x00000000080007ec                __truncdfsf2
                0x00000000080007ec                __aeabi_d2f
 .text          0x000000000800088c       0x30 C:/ST/STM32CubeIDE_1.13.2/STM32CubeIDE/plugins/com.st.stm32cube.ide.mcu.externaltools.gnu-tools-for-stm32.11.3.rel1.win32_1.1.1.202309131626/tools/bin/../lib/gcc/arm-none-eabi/11.3.1/thumb/v7e-m+fp/hard\libgcc.a(_aeabi_uldivmod.o)
                0x000000000800088c                __aeabi_uldivmod
 .text          0x00000000080008bc      0x2c8 C:/ST/STM32CubeIDE_1.13.2/STM32CubeIDE/plugins/com.st.stm32cube.ide.mcu.externaltools.gnu-tools-for-stm32.11.3.rel1.win32_1.1.1.202309131626/tools/bin/../lib/gcc/arm-none-eabi/11.3.1/thumb/v7e-m+fp/hard\libgcc.a(_udivmoddi4.o)
                0x00000000080008bc                __udivmoddi4
 .text          0x0000000008000b84        0x4 C:/ST/STM32CubeIDE_1.13.2/STM32CubeIDE/plugins/com.st.stm32cube.ide.mcu.externaltools.gnu-tools-for-stm32.11.3.rel1.win32_1.1.1.202309131626/tools/bin/../lib/gcc/arm-none-eabi/11.3.1/thumb/v7e-m+fp/hard\libgcc.a(_dvmd_tls.o)
                0x0000000008000b84                __aeabi_idiv0
                0x0000000008000b84                __aeabi_ldiv0
 *(.text*)
 .text.Accel_Control_Task
                0x0000000008000b88       0x20 ./Core/Src/acc_brk_ctrl.o
                0x0000000008000b88                Accel_Control_Task
 .text.Accel_Command_Info_Data_Parsing
                0x0000000008000ba8      0x1e0 ./Core/Src/acc_brk_ctrl.o
                0x0000000008000ba8                Accel_Command_Info_Data_Parsing
 .text.Accel_Control_Sequnce
                0x0000000008000d88       0x60 ./Core/Src/acc_brk_ctrl.o
                0x0000000008000d88                Accel_Control_Sequnce
 .text.Accel_Alive_Count
                0x0000000008000de8       0x38 ./Core/Src/acc_brk_ctrl.o
                0x0000000008000de8                Accel_Alive_Count
 .text.Brake_Control_Task
                0x0000000008000e20       0x24 ./Core/Src/acc_brk_ctrl.o
                0x0000000008000e20                Brake_Control_Task
 .text.Brake_Command_Info_Data_Parsing
                0x0000000008000e44       0xb4 ./Core/Src/acc_brk_ctrl.o
                0x0000000008000e44                Brake_Command_Info_Data_Parsing
 .text.Motor_Encoder_Init
                0x0000000008000ef8       0x78 ./Core/Src/acc_brk_ctrl.o
                0x0000000008000ef8                Motor_Encoder_Init
 .text.Brake_Control_Sequnce
                0x0000000008000f70       0x40 ./Core/Src/acc_brk_ctrl.o
                0x0000000008000f70                Brake_Control_Sequnce
 .text.Position_Control_Mode_On
                0x0000000008000fb0       0xb0 ./Core/Src/acc_brk_ctrl.o
                0x0000000008000fb0                Position_Control_Mode_On
 .text.Position_Control_Mode_Off
                0x0000000008001060       0x80 ./Core/Src/acc_brk_ctrl.o
                0x0000000008001060                Position_Control_Mode_Off
 .text.Servo_On
                0x00000000080010e0       0x1c ./Core/Src/acc_brk_ctrl.o
                0x00000000080010e0                Servo_On
 .text.Servo_Off
                0x00000000080010fc       0x1c ./Core/Src/acc_brk_ctrl.o
                0x00000000080010fc                Servo_Off
 .text.Motor_Auto_On
                0x0000000008001118       0x1c ./Core/Src/acc_brk_ctrl.o
                0x0000000008001118                Motor_Auto_On
 .text.Motor_Auto_Off
                0x0000000008001134       0x1c ./Core/Src/acc_brk_ctrl.o
                0x0000000008001134                Motor_Auto_Off
 .text.Module_Status_Task
                0x0000000008001150       0x20 ./Core/Src/acc_brk_ctrl.o
                0x0000000008001150                Module_Status_Task
 .text.Module_Status_Sequnce
                0x0000000008001170       0x70 ./Core/Src/acc_brk_ctrl.o
                0x0000000008001170                Module_Status_Sequnce
 .text.Status_Alive_Count
                0x00000000080011e0       0x48 ./Core/Src/acc_brk_ctrl.o
                0x00000000080011e0                Status_Alive_Count
 .text.Debug_Data_Parsing
                0x0000000008001228       0x24 ./Core/Src/acc_brk_ctrl.o
                0x0000000008001228                Debug_Data_Parsing
 .text.HAL_FDCAN_RxFifo0Callback
                0x000000000800124c       0x68 ./Core/Src/can.o
                0x000000000800124c                HAL_FDCAN_RxFifo0Callback
 .text.HAL_FDCAN_RxFifo1Callback
                0x00000000080012b4       0x3c ./Core/Src/can.o
                0x00000000080012b4                HAL_FDCAN_RxFifo1Callback
 .text.TXCAN1   0x00000000080012f0       0x44 ./Core/Src/can.o
                0x00000000080012f0                TXCAN1
 .text.TXCAN2   0x0000000008001334       0x44 ./Core/Src/can.o
                0x0000000008001334                TXCAN2
 .text.RXCAN1   0x0000000008001378       0x6c ./Core/Src/can.o
                0x0000000008001378                RXCAN1
 .text.RXCAN2   0x00000000080013e4       0xc8 ./Core/Src/can.o
                0x00000000080013e4                RXCAN2
 .text.RXCAN3   0x00000000080014ac       0x34 ./Core/Src/can.o
                0x00000000080014ac                RXCAN3
 .text.StartTreezeTask_1
                0x00000000080014e0       0x18 ./Core/Src/core.o
                0x00000000080014e0                StartTreezeTask_1
 .text.StartTreezeTask_2
                0x00000000080014f8       0x14 ./Core/Src/core.o
                0x00000000080014f8                StartTreezeTask_2
 .text.StartTreezeTask_3
                0x000000000800150c       0x20 ./Core/Src/core.o
                0x000000000800150c                StartTreezeTask_3
 .text.main     0x000000000800152c       0xcc ./Core/Src/main.o
                0x000000000800152c                main
 .text.SystemClock_Config
                0x00000000080015f8       0x92 ./Core/Src/main.o
                0x00000000080015f8                SystemClock_Config
 *fill*         0x000000000800168a        0x2 
 .text.MX_FDCAN1_Init
                0x000000000800168c       0xec ./Core/Src/main.o
 .text.MX_FDCAN2_Init
                0x0000000008001778       0xec ./Core/Src/main.o
 .text.MX_FDCAN3_Init
                0x0000000008001864      0x10c ./Core/Src/main.o
 .text.MX_USART1_UART_Init
                0x0000000008001970       0xbc ./Core/Src/main.o
 .text.MX_DMA_Init
                0x0000000008001a2c       0x64 ./Core/Src/main.o
 .text.MX_GPIO_Init
                0x0000000008001a90       0x78 ./Core/Src/main.o
 .text.HAL_TIM_PeriodElapsedCallback
                0x0000000008001b08       0x24 ./Core/Src/main.o
                0x0000000008001b08                HAL_TIM_PeriodElapsedCallback
 .text.Error_Handler
                0x0000000008001b2c        0xa ./Core/Src/main.o
                0x0000000008001b2c                Error_Handler
 *fill*         0x0000000008001b36        0x2 
 .text.MotionControlControl
                0x0000000008001b38      0x2d4 ./Core/Src/motor.o
                0x0000000008001b38                MotionControlControl
 .text.MotorCommandFlagUpdate
                0x0000000008001e0c      0x2e8 ./Core/Src/motor.o
                0x0000000008001e0c                MotorCommandFlagUpdate
 .text.MotorInit
                0x00000000080020f4       0x40 ./Core/Src/motor.o
                0x00000000080020f4                MotorInit
 .text.DisableMotorWatchdog
                0x0000000008002134       0x38 ./Core/Src/motor.o
                0x0000000008002134                DisableMotorWatchdog
 .text.MotorOperation
                0x000000000800216c       0x20 ./Core/Src/motor.o
                0x000000000800216c                MotorOperation
 .text.MotorSetPositionMode
                0x000000000800218c       0xb0 ./Core/Src/motor.o
                0x000000000800218c                MotorSetPositionMode
 .text.MotorPDOMappingPosVel
                0x000000000800223c       0xc8 ./Core/Src/motor.o
                0x000000000800223c                MotorPDOMappingPosVel
 .text.MotorPDOMappingAccDec
                0x0000000008002304       0xc8 ./Core/Src/motor.o
                0x0000000008002304                MotorPDOMappingAccDec
 .text.MotorPDOMappingCtrlWord
                0x00000000080023cc       0xc8 ./Core/Src/motor.o
                0x00000000080023cc                MotorPDOMappingCtrlWord
 .text.MotorPDOMappingHomeOffest
                0x0000000008002494       0xc8 ./Core/Src/motor.o
                0x0000000008002494                MotorPDOMappingHomeOffest
 .text.MotorPDOMappingPosVelInfo
                0x000000000800255c       0xc8 ./Core/Src/motor.o
                0x000000000800255c                MotorPDOMappingPosVelInfo
 .text.MotorPDOMappingTorCurrInfo
                0x0000000008002624       0xc8 ./Core/Src/motor.o
                0x0000000008002624                MotorPDOMappingTorCurrInfo
 .text.MotorPDOMappingStatusInfo
                0x00000000080026ec       0xe0 ./Core/Src/motor.o
                0x00000000080026ec                MotorPDOMappingStatusInfo
 .text.MotorAccDecInit
                0x00000000080027cc       0x54 ./Core/Src/motor.o
                0x00000000080027cc                MotorAccDecInit
 .text.MotorEncoderInitPrepare
                0x0000000008002820       0x1c ./Core/Src/motor.o
                0x0000000008002820                MotorEncoderInitPrepare
 .text.MotorEncoderInitCommand
                0x000000000800283c       0x1c ./Core/Src/motor.o
                0x000000000800283c                MotorEncoderInitCommand
 .text.MotorEncoderInitBegin
                0x0000000008002858       0x1c ./Core/Src/motor.o
                0x0000000008002858                MotorEncoderInitBegin
 .text.MotorEncoderInitMOTOROFF
                0x0000000008002874       0x1c ./Core/Src/motor.o
                0x0000000008002874                MotorEncoderInitMOTOROFF
 .text.MotorAlarmReset
                0x0000000008002890       0x1c ./Core/Src/motor.o
                0x0000000008002890                MotorAlarmReset
 .text.MotorServeOnOff
                0x00000000080028ac       0x9e ./Core/Src/motor.o
                0x00000000080028ac                MotorServeOnOff
 *fill*         0x000000000800294a        0x2 
 .text.P_mode_MotorServoOn
                0x000000000800294c       0x74 ./Core/Src/motor.o
                0x000000000800294c                P_mode_MotorServoOn
 .text.P_mode_MotorServoOff
                0x00000000080029c0       0x24 ./Core/Src/motor.o
                0x00000000080029c0                P_mode_MotorServoOff
 .text.T_mode_MotorServoOn
                0x00000000080029e4       0x74 ./Core/Src/motor.o
                0x00000000080029e4                T_mode_MotorServoOn
 .text.T_mode_MotorServoOff
                0x0000000008002a58       0x24 ./Core/Src/motor.o
                0x0000000008002a58                T_mode_MotorServoOff
 .text.TorqueCommandConverter
                0x0000000008002a7c       0xc8 ./Core/Src/motor.o
                0x0000000008002a7c                TorqueCommandConverter
 .text.MotorPrepare
                0x0000000008002b44       0x1c ./Core/Src/motor.o
                0x0000000008002b44                MotorPrepare
 .text.T_MotorPrepare
                0x0000000008002b60       0x1c ./Core/Src/motor.o
                0x0000000008002b60                T_MotorPrepare
 .text.MotorStart
                0x0000000008002b7c       0x1c ./Core/Src/motor.o
                0x0000000008002b7c                MotorStart
 .text.T_MotorStart
                0x0000000008002b98       0x1c ./Core/Src/motor.o
                0x0000000008002b98                T_MotorStart
 *fill*         0x0000000008002bb4        0x4 
 .text.MotorCommandConverter
                0x0000000008002bb8      0x2dc ./Core/Src/motor.o
                0x0000000008002bb8                MotorCommandConverter
 .text.MotorInfoConverter
                0x0000000008002e94      0x1bc ./Core/Src/motor.o
                0x0000000008002e94                MotorInfoConverter
 .text.MotorInitCommand
                0x0000000008003050       0x44 ./Core/Src/motor.o
                0x0000000008003050                MotorInitCommand
 .text.MotorSetCommand
                0x0000000008003094       0x5c ./Core/Src/motor.o
                0x0000000008003094                MotorSetCommand
 .text.MotorControlCommand
                0x00000000080030f0       0x5c ./Core/Src/motor.o
                0x00000000080030f0                MotorControlCommand
 .text.CanErrorCheck
                0x000000000800314c       0x68 ./Core/Src/motor.o
                0x000000000800314c                CanErrorCheck
 .text.MotorSequnceTimer
                0x00000000080031b4       0x38 ./Core/Src/motor.o
                0x00000000080031b4                MotorSequnceTimer
 .text.HAL_MspInit
                0x00000000080031ec       0x50 ./Core/Src/stm32g4xx_hal_msp.o
                0x00000000080031ec                HAL_MspInit
 .text.HAL_FDCAN_MspInit
                0x000000000800323c      0x230 ./Core/Src/stm32g4xx_hal_msp.o
                0x000000000800323c                HAL_FDCAN_MspInit
 .text.HAL_UART_MspInit
                0x000000000800346c      0x178 ./Core/Src/stm32g4xx_hal_msp.o
                0x000000000800346c                HAL_UART_MspInit
 .text.HAL_InitTick
                0x00000000080035e4       0xd8 ./Core/Src/stm32g4xx_hal_timebase_tim.o
                0x00000000080035e4                HAL_InitTick
 .text.NMI_Handler
                0x00000000080036bc        0x6 ./Core/Src/stm32g4xx_it.o
                0x00000000080036bc                NMI_Handler
 .text.HardFault_Handler
                0x00000000080036c2        0x6 ./Core/Src/stm32g4xx_it.o
                0x00000000080036c2                HardFault_Handler
 .text.MemManage_Handler
                0x00000000080036c8        0x6 ./Core/Src/stm32g4xx_it.o
                0x00000000080036c8                MemManage_Handler
 .text.BusFault_Handler
                0x00000000080036ce        0x6 ./Core/Src/stm32g4xx_it.o
                0x00000000080036ce                BusFault_Handler
 .text.UsageFault_Handler
                0x00000000080036d4        0x6 ./Core/Src/stm32g4xx_it.o
                0x00000000080036d4                UsageFault_Handler
 .text.DebugMon_Handler
                0x00000000080036da        0xe ./Core/Src/stm32g4xx_it.o
                0x00000000080036da                DebugMon_Handler
 .text.DMA1_Channel1_IRQHandler
                0x00000000080036e8       0x14 ./Core/Src/stm32g4xx_it.o
                0x00000000080036e8                DMA1_Channel1_IRQHandler
 .text.DMA1_Channel2_IRQHandler
                0x00000000080036fc       0x14 ./Core/Src/stm32g4xx_it.o
                0x00000000080036fc                DMA1_Channel2_IRQHandler
 .text.FDCAN1_IT0_IRQHandler
                0x0000000008003710       0x14 ./Core/Src/stm32g4xx_it.o
                0x0000000008003710                FDCAN1_IT0_IRQHandler
 .text.TIM1_UP_TIM16_IRQHandler
                0x0000000008003724       0x14 ./Core/Src/stm32g4xx_it.o
                0x0000000008003724                TIM1_UP_TIM16_IRQHandler
 .text.USART1_IRQHandler
                0x0000000008003738       0x14 ./Core/Src/stm32g4xx_it.o
                0x0000000008003738                USART1_IRQHandler
 .text.FDCAN2_IT0_IRQHandler
                0x000000000800374c       0x14 ./Core/Src/stm32g4xx_it.o
                0x000000000800374c                FDCAN2_IT0_IRQHandler
 .text.FDCAN3_IT0_IRQHandler
                0x0000000008003760       0x14 ./Core/Src/stm32g4xx_it.o
                0x0000000008003760                FDCAN3_IT0_IRQHandler
 .text.SystemInit
                0x0000000008003774       0x24 ./Core/Src/system_stm32g4xx.o
                0x0000000008003774                SystemInit
 .text.SequenceTimer
                0x0000000008003798       0x38 ./Core/Src/trz_util.o
                0x0000000008003798                SequenceTimer
 .text.HAL_UARTEx_RxEventCallback
                0x00000000080037d0       0x44 ./Core/Src/uart.o
                0x00000000080037d0                HAL_UARTEx_RxEventCallback
 .text.HAL_UART_TxCpltCallback
                0x0000000008003814       0x20 ./Core/Src/uart.o
                0x0000000008003814                HAL_UART_TxCpltCallback
 .text.Reset_Handler
                0x0000000008003834       0x50 ./Core/Startup/startup_stm32g474vetx.o
                0x0000000008003834                Reset_Handler
 .text.Default_Handler
                0x0000000008003884        0x2 ./Core/Startup/startup_stm32g474vetx.o
                0x0000000008003884                RTC_Alarm_IRQHandler
                0x0000000008003884                EXTI2_IRQHandler
                0x0000000008003884                TIM8_TRG_COM_IRQHandler
                0x0000000008003884                TIM8_CC_IRQHandler
                0x0000000008003884                HRTIM1_Master_IRQHandler
                0x0000000008003884                SPI4_IRQHandler
                0x0000000008003884                TIM1_CC_IRQHandler
                0x0000000008003884                HRTIM1_FLT_IRQHandler
                0x0000000008003884                HRTIM1_TIMF_IRQHandler
                0x0000000008003884                USB_HP_IRQHandler
                0x0000000008003884                CORDIC_IRQHandler
                0x0000000008003884                HRTIM1_TIMD_IRQHandler
                0x0000000008003884                DMA2_Channel8_IRQHandler
                0x0000000008003884                EXTI3_IRQHandler
                0x0000000008003884                I2C3_ER_IRQHandler
                0x0000000008003884                EXTI0_IRQHandler
                0x0000000008003884                I2C2_EV_IRQHandler
                0x0000000008003884                FPU_IRQHandler
                0x0000000008003884                FDCAN1_IT1_IRQHandler
                0x0000000008003884                ADC1_2_IRQHandler
                0x0000000008003884                HRTIM1_TIME_IRQHandler
                0x0000000008003884                SPI1_IRQHandler
                0x0000000008003884                TIM6_DAC_IRQHandler
                0x0000000008003884                HRTIM1_TIMC_IRQHandler
                0x0000000008003884                TIM8_UP_IRQHandler
                0x0000000008003884                DMA2_Channel2_IRQHandler
                0x0000000008003884                DMA1_Channel4_IRQHandler
                0x0000000008003884                TIM20_TRG_COM_IRQHandler
                0x0000000008003884                USART3_IRQHandler
                0x0000000008003884                DMA1_Channel7_IRQHandler
                0x0000000008003884                UART5_IRQHandler
                0x0000000008003884                ADC3_IRQHandler
                0x0000000008003884                TIM4_IRQHandler
                0x0000000008003884                DMA2_Channel1_IRQHandler
                0x0000000008003884                QUADSPI_IRQHandler
                0x0000000008003884                I2C1_EV_IRQHandler
                0x0000000008003884                DMA1_Channel6_IRQHandler
                0x0000000008003884                UART4_IRQHandler
                0x0000000008003884                DMA2_Channel4_IRQHandler
                0x0000000008003884                TIM3_IRQHandler
                0x0000000008003884                RCC_IRQHandler
                0x0000000008003884                TIM20_UP_IRQHandler
                0x0000000008003884                Default_Handler
                0x0000000008003884                DMA2_Channel7_IRQHandler
                0x0000000008003884                RTC_TAMP_LSECSS_IRQHandler
                0x0000000008003884                FMAC_IRQHandler
                0x0000000008003884                EXTI15_10_IRQHandler
                0x0000000008003884                DMA1_Channel8_IRQHandler
                0x0000000008003884                HRTIM1_TIMA_IRQHandler
                0x0000000008003884                TIM7_DAC_IRQHandler
                0x0000000008003884                FDCAN3_IT1_IRQHandler
                0x0000000008003884                TIM5_IRQHandler
                0x0000000008003884                UCPD1_IRQHandler
                0x0000000008003884                I2C3_EV_IRQHandler
                0x0000000008003884                EXTI9_5_IRQHandler
                0x0000000008003884                RTC_WKUP_IRQHandler
                0x0000000008003884                PVD_PVM_IRQHandler
                0x0000000008003884                SPI2_IRQHandler
                0x0000000008003884                ADC5_IRQHandler
                0x0000000008003884                DMA2_Channel5_IRQHandler
                0x0000000008003884                CRS_IRQHandler
                0x0000000008003884                DMA1_Channel5_IRQHandler
                0x0000000008003884                USB_LP_IRQHandler
                0x0000000008003884                EXTI4_IRQHandler
                0x0000000008003884                RNG_IRQHandler
                0x0000000008003884                HRTIM1_TIMB_IRQHandler
                0x0000000008003884                TIM1_TRG_COM_TIM17_IRQHandler
                0x0000000008003884                FDCAN2_IT1_IRQHandler
                0x0000000008003884                DMA1_Channel3_IRQHandler
                0x0000000008003884                ADC4_IRQHandler
                0x0000000008003884                WWDG_IRQHandler
                0x0000000008003884                I2C4_EV_IRQHandler
                0x0000000008003884                LPUART1_IRQHandler
                0x0000000008003884                DMA2_Channel6_IRQHandler
                0x0000000008003884                TIM2_IRQHandler
                0x0000000008003884                COMP7_IRQHandler
                0x0000000008003884                COMP1_2_3_IRQHandler
                0x0000000008003884                EXTI1_IRQHandler
                0x0000000008003884                USART2_IRQHandler
                0x0000000008003884                COMP4_5_6_IRQHandler
                0x0000000008003884                TIM20_BRK_IRQHandler
                0x0000000008003884                I2C2_ER_IRQHandler
                0x0000000008003884                TIM8_BRK_IRQHandler
                0x0000000008003884                FLASH_IRQHandler
                0x0000000008003884                TIM20_CC_IRQHandler
                0x0000000008003884                SPI3_IRQHandler
                0x0000000008003884                I2C1_ER_IRQHandler
                0x0000000008003884                FMC_IRQHandler
                0x0000000008003884                LPTIM1_IRQHandler
                0x0000000008003884                DMAMUX_OVR_IRQHandler
                0x0000000008003884                I2C4_ER_IRQHandler
                0x0000000008003884                USBWakeUp_IRQHandler
                0x0000000008003884                SAI1_IRQHandler
                0x0000000008003884                DMA2_Channel3_IRQHandler
                0x0000000008003884                TIM1_BRK_TIM15_IRQHandler
 .text.HAL_Init
                0x0000000008003886       0x30 ./Drivers/STM32G4xx_HAL_Driver/Src/stm32g4xx_hal.o
                0x0000000008003886                HAL_Init
 *fill*         0x00000000080038b6        0x2 
 .text.HAL_IncTick
                0x00000000080038b8       0x24 ./Drivers/STM32G4xx_HAL_Driver/Src/stm32g4xx_hal.o
                0x00000000080038b8                HAL_IncTick
 .text.HAL_GetTick
                0x00000000080038dc       0x18 ./Drivers/STM32G4xx_HAL_Driver/Src/stm32g4xx_hal.o
                0x00000000080038dc                HAL_GetTick
 .text.HAL_Delay
                0x00000000080038f4       0x44 ./Drivers/STM32G4xx_HAL_Driver/Src/stm32g4xx_hal.o
                0x00000000080038f4                HAL_Delay
 .text.__NVIC_SetPriorityGrouping
                0x0000000008003938       0x48 ./Drivers/STM32G4xx_HAL_Driver/Src/stm32g4xx_hal_cortex.o
 .text.__NVIC_GetPriorityGrouping
                0x0000000008003980       0x1c ./Drivers/STM32G4xx_HAL_Driver/Src/stm32g4xx_hal_cortex.o
 .text.__NVIC_EnableIRQ
                0x000000000800399c       0x3c ./Drivers/STM32G4xx_HAL_Driver/Src/stm32g4xx_hal_cortex.o
 .text.__NVIC_SetPriority
                0x00000000080039d8       0x54 ./Drivers/STM32G4xx_HAL_Driver/Src/stm32g4xx_hal_cortex.o
 .text.NVIC_EncodePriority
                0x0000000008003a2c       0x66 ./Drivers/STM32G4xx_HAL_Driver/Src/stm32g4xx_hal_cortex.o
 .text.HAL_NVIC_SetPriorityGrouping
                0x0000000008003a92       0x16 ./Drivers/STM32G4xx_HAL_Driver/Src/stm32g4xx_hal_cortex.o
                0x0000000008003a92                HAL_NVIC_SetPriorityGrouping
 .text.HAL_NVIC_SetPriority
                0x0000000008003aa8       0x34 ./Drivers/STM32G4xx_HAL_Driver/Src/stm32g4xx_hal_cortex.o
                0x0000000008003aa8                HAL_NVIC_SetPriority
 .text.HAL_NVIC_EnableIRQ
                0x0000000008003adc       0x1c ./Drivers/STM32G4xx_HAL_Driver/Src/stm32g4xx_hal_cortex.o
                0x0000000008003adc                HAL_NVIC_EnableIRQ
 .text.HAL_DMA_Init
                0x0000000008003af8      0x150 ./Drivers/STM32G4xx_HAL_Driver/Src/stm32g4xx_hal_dma.o
                0x0000000008003af8                HAL_DMA_Init
 .text.HAL_DMA_Start_IT
                0x0000000008003c48       0xf6 ./Drivers/STM32G4xx_HAL_Driver/Src/stm32g4xx_hal_dma.o
                0x0000000008003c48                HAL_DMA_Start_IT
 .text.HAL_DMA_Abort
                0x0000000008003d3e       0xb2 ./Drivers/STM32G4xx_HAL_Driver/Src/stm32g4xx_hal_dma.o
                0x0000000008003d3e                HAL_DMA_Abort
 .text.HAL_DMA_Abort_IT
                0x0000000008003df0       0xce ./Drivers/STM32G4xx_HAL_Driver/Src/stm32g4xx_hal_dma.o
                0x0000000008003df0                HAL_DMA_Abort_IT
 .text.HAL_DMA_IRQHandler
                0x0000000008003ebe      0x15e ./Drivers/STM32G4xx_HAL_Driver/Src/stm32g4xx_hal_dma.o
                0x0000000008003ebe                HAL_DMA_IRQHandler
 .text.DMA_SetConfig
                0x000000000800401c       0x7c ./Drivers/STM32G4xx_HAL_Driver/Src/stm32g4xx_hal_dma.o
 .text.DMA_CalcDMAMUXChannelBaseAndMask
                0x0000000008004098       0x7c ./Drivers/STM32G4xx_HAL_Driver/Src/stm32g4xx_hal_dma.o
 .text.DMA_CalcDMAMUXRequestGenBaseAndMask
                0x0000000008004114       0x48 ./Drivers/STM32G4xx_HAL_Driver/Src/stm32g4xx_hal_dma.o
 .text.HAL_FDCAN_Init
                0x000000000800415c      0x2b4 ./Drivers/STM32G4xx_HAL_Driver/Src/stm32g4xx_hal_fdcan.o
                0x000000000800415c                HAL_FDCAN_Init
 .text.HAL_FDCAN_ConfigFilter
                0x0000000008004410       0xb4 ./Drivers/STM32G4xx_HAL_Driver/Src/stm32g4xx_hal_fdcan.o
                0x0000000008004410                HAL_FDCAN_ConfigFilter
 .text.HAL_FDCAN_ConfigGlobalFilter
                0x00000000080044c4       0x62 ./Drivers/STM32G4xx_HAL_Driver/Src/stm32g4xx_hal_fdcan.o
                0x00000000080044c4                HAL_FDCAN_ConfigGlobalFilter
 .text.HAL_FDCAN_Start
                0x0000000008004526       0x50 ./Drivers/STM32G4xx_HAL_Driver/Src/stm32g4xx_hal_fdcan.o
                0x0000000008004526                HAL_FDCAN_Start
 .text.HAL_FDCAN_Stop
                0x0000000008004576       0xe0 ./Drivers/STM32G4xx_HAL_Driver/Src/stm32g4xx_hal_fdcan.o
                0x0000000008004576                HAL_FDCAN_Stop
 .text.HAL_FDCAN_AddMessageToTxFifoQ
                0x0000000008004656       0x88 ./Drivers/STM32G4xx_HAL_Driver/Src/stm32g4xx_hal_fdcan.o
                0x0000000008004656                HAL_FDCAN_AddMessageToTxFifoQ
 *fill*         0x00000000080046de        0x2 
 .text.HAL_FDCAN_GetRxMessage
                0x00000000080046e0      0x1b4 ./Drivers/STM32G4xx_HAL_Driver/Src/stm32g4xx_hal_fdcan.o
                0x00000000080046e0                HAL_FDCAN_GetRxMessage
 .text.HAL_FDCAN_ActivateNotification
                0x0000000008004894      0x1cc ./Drivers/STM32G4xx_HAL_Driver/Src/stm32g4xx_hal_fdcan.o
                0x0000000008004894                HAL_FDCAN_ActivateNotification
 .text.HAL_FDCAN_IRQHandler
                0x0000000008004a60      0x272 ./Drivers/STM32G4xx_HAL_Driver/Src/stm32g4xx_hal_fdcan.o
                0x0000000008004a60                HAL_FDCAN_IRQHandler
 .text.HAL_FDCAN_TxEventFifoCallback
                0x0000000008004cd2       0x16 ./Drivers/STM32G4xx_HAL_Driver/Src/stm32g4xx_hal_fdcan.o
                0x0000000008004cd2                HAL_FDCAN_TxEventFifoCallback
 .text.HAL_FDCAN_TxFifoEmptyCallback
                0x0000000008004ce8       0x14 ./Drivers/STM32G4xx_HAL_Driver/Src/stm32g4xx_hal_fdcan.o
                0x0000000008004ce8                HAL_FDCAN_TxFifoEmptyCallback
 .text.HAL_FDCAN_TxBufferCompleteCallback
                0x0000000008004cfc       0x16 ./Drivers/STM32G4xx_HAL_Driver/Src/stm32g4xx_hal_fdcan.o
                0x0000000008004cfc                HAL_FDCAN_TxBufferCompleteCallback
 .text.HAL_FDCAN_TxBufferAbortCallback
                0x0000000008004d12       0x16 ./Drivers/STM32G4xx_HAL_Driver/Src/stm32g4xx_hal_fdcan.o
                0x0000000008004d12                HAL_FDCAN_TxBufferAbortCallback
 .text.HAL_FDCAN_TimestampWraparoundCallback
                0x0000000008004d28       0x14 ./Drivers/STM32G4xx_HAL_Driver/Src/stm32g4xx_hal_fdcan.o
                0x0000000008004d28                HAL_FDCAN_TimestampWraparoundCallback
 .text.HAL_FDCAN_TimeoutOccurredCallback
                0x0000000008004d3c       0x14 ./Drivers/STM32G4xx_HAL_Driver/Src/stm32g4xx_hal_fdcan.o
                0x0000000008004d3c                HAL_FDCAN_TimeoutOccurredCallback
 .text.HAL_FDCAN_HighPriorityMessageCallback
                0x0000000008004d50       0x14 ./Drivers/STM32G4xx_HAL_Driver/Src/stm32g4xx_hal_fdcan.o
                0x0000000008004d50                HAL_FDCAN_HighPriorityMessageCallback
 .text.HAL_FDCAN_ErrorCallback
                0x0000000008004d64       0x14 ./Drivers/STM32G4xx_HAL_Driver/Src/stm32g4xx_hal_fdcan.o
                0x0000000008004d64                HAL_FDCAN_ErrorCallback
 .text.HAL_FDCAN_ErrorStatusCallback
                0x0000000008004d78       0x16 ./Drivers/STM32G4xx_HAL_Driver/Src/stm32g4xx_hal_fdcan.o
                0x0000000008004d78                HAL_FDCAN_ErrorStatusCallback
 *fill*         0x0000000008004d8e        0x2 
 .text.FDCAN_CalcultateRamBlockAddresses
                0x0000000008004d90       0xd8 ./Drivers/STM32G4xx_HAL_Driver/Src/stm32g4xx_hal_fdcan.o
 .text.FDCAN_CopyMessageToRAM
                0x0000000008004e68       0xf8 ./Drivers/STM32G4xx_HAL_Driver/Src/stm32g4xx_hal_fdcan.o
 .text.HAL_GPIO_Init
                0x0000000008004f60      0x304 ./Drivers/STM32G4xx_HAL_Driver/Src/stm32g4xx_hal_gpio.o
                0x0000000008004f60                HAL_GPIO_Init
 .text.HAL_PWREx_ControlVoltageScaling
                0x0000000008005264      0x148 ./Drivers/STM32G4xx_HAL_Driver/Src/stm32g4xx_hal_pwr_ex.o
                0x0000000008005264                HAL_PWREx_ControlVoltageScaling
 .text.HAL_RCC_OscConfig
                0x00000000080053ac      0x630 ./Drivers/STM32G4xx_HAL_Driver/Src/stm32g4xx_hal_rcc.o
                0x00000000080053ac                HAL_RCC_OscConfig
 .text.HAL_RCC_ClockConfig
                0x00000000080059dc      0x278 ./Drivers/STM32G4xx_HAL_Driver/Src/stm32g4xx_hal_rcc.o
                0x00000000080059dc                HAL_RCC_ClockConfig
 .text.HAL_RCC_GetSysClockFreq
                0x0000000008005c54       0xc4 ./Drivers/STM32G4xx_HAL_Driver/Src/stm32g4xx_hal_rcc.o
                0x0000000008005c54                HAL_RCC_GetSysClockFreq
 .text.HAL_RCC_GetHCLKFreq
                0x0000000008005d18       0x18 ./Drivers/STM32G4xx_HAL_Driver/Src/stm32g4xx_hal_rcc.o
                0x0000000008005d18                HAL_RCC_GetHCLKFreq
 .text.HAL_RCC_GetPCLK1Freq
                0x0000000008005d30       0x2c ./Drivers/STM32G4xx_HAL_Driver/Src/stm32g4xx_hal_rcc.o
                0x0000000008005d30                HAL_RCC_GetPCLK1Freq
 .text.HAL_RCC_GetPCLK2Freq
                0x0000000008005d5c       0x2c ./Drivers/STM32G4xx_HAL_Driver/Src/stm32g4xx_hal_rcc.o
                0x0000000008005d5c                HAL_RCC_GetPCLK2Freq
 .text.HAL_RCC_GetClockConfig
                0x0000000008005d88       0x64 ./Drivers/STM32G4xx_HAL_Driver/Src/stm32g4xx_hal_rcc.o
                0x0000000008005d88                HAL_RCC_GetClockConfig
 .text.RCC_GetSysClockFreqFromPLLSource
                0x0000000008005dec       0x8c ./Drivers/STM32G4xx_HAL_Driver/Src/stm32g4xx_hal_rcc.o
 .text.HAL_RCCEx_PeriphCLKConfig
                0x0000000008005e78      0x49c ./Drivers/STM32G4xx_HAL_Driver/Src/stm32g4xx_hal_rcc_ex.o
                0x0000000008005e78                HAL_RCCEx_PeriphCLKConfig
 .text.HAL_TIM_Base_Init
                0x0000000008006314       0xae ./Drivers/STM32G4xx_HAL_Driver/Src/stm32g4xx_hal_tim.o
                0x0000000008006314                HAL_TIM_Base_Init
 .text.HAL_TIM_Base_MspInit
                0x00000000080063c2       0x14 ./Drivers/STM32G4xx_HAL_Driver/Src/stm32g4xx_hal_tim.o
                0x00000000080063c2                HAL_TIM_Base_MspInit
 *fill*         0x00000000080063d6        0x2 
 .text.HAL_TIM_Base_Start_IT
                0x00000000080063d8       0xf0 ./Drivers/STM32G4xx_HAL_Driver/Src/stm32g4xx_hal_tim.o
                0x00000000080063d8                HAL_TIM_Base_Start_IT
 .text.HAL_TIM_IRQHandler
                0x00000000080064c8      0x2fe ./Drivers/STM32G4xx_HAL_Driver/Src/stm32g4xx_hal_tim.o
                0x00000000080064c8                HAL_TIM_IRQHandler
 .text.HAL_TIM_OC_DelayElapsedCallback
                0x00000000080067c6       0x14 ./Drivers/STM32G4xx_HAL_Driver/Src/stm32g4xx_hal_tim.o
                0x00000000080067c6                HAL_TIM_OC_DelayElapsedCallback
 .text.HAL_TIM_IC_CaptureCallback
                0x00000000080067da       0x14 ./Drivers/STM32G4xx_HAL_Driver/Src/stm32g4xx_hal_tim.o
                0x00000000080067da                HAL_TIM_IC_CaptureCallback
 .text.HAL_TIM_PWM_PulseFinishedCallback
                0x00000000080067ee       0x14 ./Drivers/STM32G4xx_HAL_Driver/Src/stm32g4xx_hal_tim.o
                0x00000000080067ee                HAL_TIM_PWM_PulseFinishedCallback
 .text.HAL_TIM_TriggerCallback
                0x0000000008006802       0x14 ./Drivers/STM32G4xx_HAL_Driver/Src/stm32g4xx_hal_tim.o
                0x0000000008006802                HAL_TIM_TriggerCallback
 *fill*         0x0000000008006816        0x2 
 .text.TIM_Base_SetConfig
                0x0000000008006818      0x150 ./Drivers/STM32G4xx_HAL_Driver/Src/stm32g4xx_hal_tim.o
                0x0000000008006818                TIM_Base_SetConfig
 .text.HAL_TIMEx_CommutCallback
                0x0000000008006968       0x14 ./Drivers/STM32G4xx_HAL_Driver/Src/stm32g4xx_hal_tim_ex.o
                0x0000000008006968                HAL_TIMEx_CommutCallback
 .text.HAL_TIMEx_BreakCallback
                0x000000000800697c       0x14 ./Drivers/STM32G4xx_HAL_Driver/Src/stm32g4xx_hal_tim_ex.o
                0x000000000800697c                HAL_TIMEx_BreakCallback
 .text.HAL_TIMEx_Break2Callback
                0x0000000008006990       0x14 ./Drivers/STM32G4xx_HAL_Driver/Src/stm32g4xx_hal_tim_ex.o
                0x0000000008006990                HAL_TIMEx_Break2Callback
 .text.HAL_TIMEx_EncoderIndexCallback
                0x00000000080069a4       0x14 ./Drivers/STM32G4xx_HAL_Driver/Src/stm32g4xx_hal_tim_ex.o
                0x00000000080069a4                HAL_TIMEx_EncoderIndexCallback
 .text.HAL_TIMEx_DirectionChangeCallback
                0x00000000080069b8       0x14 ./Drivers/STM32G4xx_HAL_Driver/Src/stm32g4xx_hal_tim_ex.o
                0x00000000080069b8                HAL_TIMEx_DirectionChangeCallback
 .text.HAL_TIMEx_IndexErrorCallback
                0x00000000080069cc       0x14 ./Drivers/STM32G4xx_HAL_Driver/Src/stm32g4xx_hal_tim_ex.o
                0x00000000080069cc                HAL_TIMEx_IndexErrorCallback
 .text.HAL_TIMEx_TransitionErrorCallback
                0x00000000080069e0       0x14 ./Drivers/STM32G4xx_HAL_Driver/Src/stm32g4xx_hal_tim_ex.o
                0x00000000080069e0                HAL_TIMEx_TransitionErrorCallback
 .text.HAL_UART_Init
                0x00000000080069f4       0xa0 ./Drivers/STM32G4xx_HAL_Driver/Src/stm32g4xx_hal_uart.o
                0x00000000080069f4                HAL_UART_Init
 .text.HAL_UART_IRQHandler
                0x0000000008006a94      0x630 ./Drivers/STM32G4xx_HAL_Driver/Src/stm32g4xx_hal_uart.o
                0x0000000008006a94                HAL_UART_IRQHandler
 .text.HAL_UART_RxCpltCallback
                0x00000000080070c4       0x14 ./Drivers/STM32G4xx_HAL_Driver/Src/stm32g4xx_hal_uart.o
                0x00000000080070c4                HAL_UART_RxCpltCallback
 .text.HAL_UART_RxHalfCpltCallback
                0x00000000080070d8       0x14 ./Drivers/STM32G4xx_HAL_Driver/Src/stm32g4xx_hal_uart.o
                0x00000000080070d8                HAL_UART_RxHalfCpltCallback
 .text.HAL_UART_ErrorCallback
                0x00000000080070ec       0x14 ./Drivers/STM32G4xx_HAL_Driver/Src/stm32g4xx_hal_uart.o
                0x00000000080070ec                HAL_UART_ErrorCallback
 .text.UART_SetConfig
                0x0000000008007100      0x5f8 ./Drivers/STM32G4xx_HAL_Driver/Src/stm32g4xx_hal_uart.o
                0x0000000008007100                UART_SetConfig
 .text.UART_AdvFeatureConfig
                0x00000000080076f8      0x144 ./Drivers/STM32G4xx_HAL_Driver/Src/stm32g4xx_hal_uart.o
                0x00000000080076f8                UART_AdvFeatureConfig
 .text.UART_CheckIdleState
                0x000000000800783c       0x96 ./Drivers/STM32G4xx_HAL_Driver/Src/stm32g4xx_hal_uart.o
                0x000000000800783c                UART_CheckIdleState
 .text.UART_WaitOnFlagUntilTimeout
                0x00000000080078d2      0x190 ./Drivers/STM32G4xx_HAL_Driver/Src/stm32g4xx_hal_uart.o
                0x00000000080078d2                UART_WaitOnFlagUntilTimeout
 *fill*         0x0000000008007a62        0x2 
 .text.UART_Start_Receive_DMA
                0x0000000008007a64      0x150 ./Drivers/STM32G4xx_HAL_Driver/Src/stm32g4xx_hal_uart.o
                0x0000000008007a64                UART_Start_Receive_DMA
 .text.UART_EndTxTransfer
                0x0000000008007bb4       0x82 ./Drivers/STM32G4xx_HAL_Driver/Src/stm32g4xx_hal_uart.o
 .text.UART_EndRxTransfer
                0x0000000008007c36       0xcc ./Drivers/STM32G4xx_HAL_Driver/Src/stm32g4xx_hal_uart.o
 .text.UART_DMAReceiveCplt
                0x0000000008007d02      0x126 ./Drivers/STM32G4xx_HAL_Driver/Src/stm32g4xx_hal_uart.o
 .text.UART_DMARxHalfCplt
                0x0000000008007e28       0x38 ./Drivers/STM32G4xx_HAL_Driver/Src/stm32g4xx_hal_uart.o
 .text.UART_DMAError
                0x0000000008007e60       0x80 ./Drivers/STM32G4xx_HAL_Driver/Src/stm32g4xx_hal_uart.o
 .text.UART_DMAAbortOnError
                0x0000000008007ee0       0x2c ./Drivers/STM32G4xx_HAL_Driver/Src/stm32g4xx_hal_uart.o
 .text.UART_EndTransmit_IT
                0x0000000008007f0c       0x56 ./Drivers/STM32G4xx_HAL_Driver/Src/stm32g4xx_hal_uart.o
 .text.HAL_UARTEx_WakeupCallback
                0x0000000008007f62       0x14 ./Drivers/STM32G4xx_HAL_Driver/Src/stm32g4xx_hal_uart_ex.o
                0x0000000008007f62                HAL_UARTEx_WakeupCallback
 .text.HAL_UARTEx_RxFifoFullCallback
                0x0000000008007f76       0x14 ./Drivers/STM32G4xx_HAL_Driver/Src/stm32g4xx_hal_uart_ex.o
                0x0000000008007f76                HAL_UARTEx_RxFifoFullCallback
 .text.HAL_UARTEx_TxFifoEmptyCallback
                0x0000000008007f8a       0x14 ./Drivers/STM32G4xx_HAL_Driver/Src/stm32g4xx_hal_uart_ex.o
                0x0000000008007f8a                HAL_UARTEx_TxFifoEmptyCallback
 .text.HAL_UARTEx_DisableFifoMode
                0x0000000008007f9e       0x72 ./Drivers/STM32G4xx_HAL_Driver/Src/stm32g4xx_hal_uart_ex.o
                0x0000000008007f9e                HAL_UARTEx_DisableFifoMode
 .text.HAL_UARTEx_SetTxFifoThreshold
                0x0000000008008010       0x7c ./Drivers/STM32G4xx_HAL_Driver/Src/stm32g4xx_hal_uart_ex.o
                0x0000000008008010                HAL_UARTEx_SetTxFifoThreshold
 .text.HAL_UARTEx_SetRxFifoThreshold
                0x000000000800808c       0x7c ./Drivers/STM32G4xx_HAL_Driver/Src/stm32g4xx_hal_uart_ex.o
                0x000000000800808c                HAL_UARTEx_SetRxFifoThreshold
 .text.HAL_UARTEx_ReceiveToIdle_DMA
                0x0000000008008108       0xb8 ./Drivers/STM32G4xx_HAL_Driver/Src/stm32g4xx_hal_uart_ex.o
                0x0000000008008108                HAL_UARTEx_ReceiveToIdle_DMA
 .text.UARTEx_SetNbDataToProcess
                0x00000000080081c0       0x9c ./Drivers/STM32G4xx_HAL_Driver/Src/stm32g4xx_hal_uart_ex.o
 .text.makeFreeRtosPriority
                0x000000000800825c       0x30 ./Middlewares/Third_Party/FreeRTOS/Source/CMSIS_RTOS/cmsis_os.o
 .text.osKernelStart
                0x000000000800828c        0xe ./Middlewares/Third_Party/FreeRTOS/Source/CMSIS_RTOS/cmsis_os.o
                0x000000000800828c                osKernelStart
 .text.osThreadCreate
                0x000000000800829a       0x4e ./Middlewares/Third_Party/FreeRTOS/Source/CMSIS_RTOS/cmsis_os.o
                0x000000000800829a                osThreadCreate
 .text.osDelay  0x00000000080082e8       0x28 ./Middlewares/Third_Party/FreeRTOS/Source/CMSIS_RTOS/cmsis_os.o
                0x00000000080082e8                osDelay
 .text.vListInitialise
                0x0000000008008310       0x40 ./Middlewares/Third_Party/FreeRTOS/Source/list.o
                0x0000000008008310                vListInitialise
 .text.vListInitialiseItem
                0x0000000008008350       0x1a ./Middlewares/Third_Party/FreeRTOS/Source/list.o
                0x0000000008008350                vListInitialiseItem
 .text.vListInsertEnd
                0x000000000800836a       0x48 ./Middlewares/Third_Party/FreeRTOS/Source/list.o
                0x000000000800836a                vListInsertEnd
 .text.vListInsert
                0x00000000080083b2       0x72 ./Middlewares/Third_Party/FreeRTOS/Source/list.o
                0x00000000080083b2                vListInsert
 .text.uxListRemove
                0x0000000008008424       0x54 ./Middlewares/Third_Party/FreeRTOS/Source/list.o
                0x0000000008008424                uxListRemove
 .text.xTaskCreate
                0x0000000008008478       0x82 ./Middlewares/Third_Party/FreeRTOS/Source/tasks.o
                0x0000000008008478                xTaskCreate
 *fill*         0x00000000080084fa        0x2 
 .text.prvInitialiseNewTask
                0x00000000080084fc      0x13c ./Middlewares/Third_Party/FreeRTOS/Source/tasks.o
 .text.prvAddNewTaskToReadyList
                0x0000000008008638       0xd4 ./Middlewares/Third_Party/FreeRTOS/Source/tasks.o
 .text.vTaskDelay
                0x000000000800870c       0x68 ./Middlewares/Third_Party/FreeRTOS/Source/tasks.o
                0x000000000800870c                vTaskDelay
 .text.vTaskStartScheduler
                0x0000000008008774       0xa0 ./Middlewares/Third_Party/FreeRTOS/Source/tasks.o
                0x0000000008008774                vTaskStartScheduler
 .text.vTaskSuspendAll
                0x0000000008008814       0x1c ./Middlewares/Third_Party/FreeRTOS/Source/tasks.o
                0x0000000008008814                vTaskSuspendAll
 .text.xTaskResumeAll
                0x0000000008008830      0x138 ./Middlewares/Third_Party/FreeRTOS/Source/tasks.o
                0x0000000008008830                xTaskResumeAll
 .text.xTaskIncrementTick
                0x0000000008008968      0x170 ./Middlewares/Third_Party/FreeRTOS/Source/tasks.o
                0x0000000008008968                xTaskIncrementTick
 .text.vTaskSwitchContext
                0x0000000008008ad8       0xc4 ./Middlewares/Third_Party/FreeRTOS/Source/tasks.o
                0x0000000008008ad8                vTaskSwitchContext
 .text.prvIdleTask
                0x0000000008008b9c       0x30 ./Middlewares/Third_Party/FreeRTOS/Source/tasks.o
 .text.prvInitialiseTaskLists
                0x0000000008008bcc       0x80 ./Middlewares/Third_Party/FreeRTOS/Source/tasks.o
 .text.prvCheckTasksWaitingTermination
                0x0000000008008c4c       0x5c ./Middlewares/Third_Party/FreeRTOS/Source/tasks.o
 .text.prvDeleteTCB
                0x0000000008008ca8       0x2a ./Middlewares/Third_Party/FreeRTOS/Source/tasks.o
 *fill*         0x0000000008008cd2        0x2 
 .text.prvResetNextTaskUnblockTime
                0x0000000008008cd4       0x40 ./Middlewares/Third_Party/FreeRTOS/Source/tasks.o
 .text.prvAddCurrentTaskToDelayedList
                0x0000000008008d14       0xcc ./Middlewares/Third_Party/FreeRTOS/Source/tasks.o
 .text.pxPortInitialiseStack
                0x0000000008008de0       0x68 ./Middlewares/Third_Party/FreeRTOS/Source/portable/GCC/ARM_CM4F/port.o
                0x0000000008008de0                pxPortInitialiseStack
 .text.prvTaskExitError
                0x0000000008008e48       0x58 ./Middlewares/Third_Party/FreeRTOS/Source/portable/GCC/ARM_CM4F/port.o
 .text.SVC_Handler
                0x0000000008008ea0       0x28 ./Middlewares/Third_Party/FreeRTOS/Source/portable/GCC/ARM_CM4F/port.o
                0x0000000008008ea0                SVC_Handler
 .text.prvPortStartFirstTask
                0x0000000008008ec8       0x28 ./Middlewares/Third_Party/FreeRTOS/Source/portable/GCC/ARM_CM4F/port.o
 .text.xPortStartScheduler
                0x0000000008008ef0      0x144 ./Middlewares/Third_Party/FreeRTOS/Source/portable/GCC/ARM_CM4F/port.o
                0x0000000008008ef0                xPortStartScheduler
 .text.vPortEnterCritical
                0x0000000008009034       0x60 ./Middlewares/Third_Party/FreeRTOS/Source/portable/GCC/ARM_CM4F/port.o
                0x0000000008009034                vPortEnterCritical
 .text.vPortExitCritical
                0x0000000008009094       0x54 ./Middlewares/Third_Party/FreeRTOS/Source/portable/GCC/ARM_CM4F/port.o
                0x0000000008009094                vPortExitCritical
 *fill*         0x00000000080090e8        0x8 
 .text.PendSV_Handler
                0x00000000080090f0       0x68 ./Middlewares/Third_Party/FreeRTOS/Source/portable/GCC/ARM_CM4F/port.o
                0x00000000080090f0                PendSV_Handler
 .text.SysTick_Handler
                0x0000000008009158       0x44 ./Middlewares/Third_Party/FreeRTOS/Source/portable/GCC/ARM_CM4F/port.o
                0x0000000008009158                SysTick_Handler
 .text.vPortSetupTimerInterrupt
                0x000000000800919c       0x48 ./Middlewares/Third_Party/FreeRTOS/Source/portable/GCC/ARM_CM4F/port.o
                0x000000000800919c                vPortSetupTimerInterrupt
 .text.vPortEnableVFP
                0x00000000080091e4       0x14 ./Middlewares/Third_Party/FreeRTOS/Source/portable/GCC/ARM_CM4F/port.o
 .text.pvPortMalloc
                0x00000000080091f8      0x198 ./Middlewares/Third_Party/FreeRTOS/Source/portable/MemMang/heap_4.o
                0x00000000080091f8                pvPortMalloc
 .text.vPortFree
                0x0000000008009390       0xc4 ./Middlewares/Third_Party/FreeRTOS/Source/portable/MemMang/heap_4.o
                0x0000000008009390                vPortFree
 .text.prvHeapInit
                0x0000000008009454       0xc4 ./Middlewares/Third_Party/FreeRTOS/Source/portable/MemMang/heap_4.o
 .text.prvInsertBlockIntoFreeList
                0x0000000008009518       0xb4 ./Middlewares/Third_Party/FreeRTOS/Source/portable/MemMang/heap_4.o
 .text.memset   0x00000000080095cc       0x10 C:/ST/STM32CubeIDE_1.13.2/STM32CubeIDE/plugins/com.st.stm32cube.ide.mcu.externaltools.gnu-tools-for-stm32.11.3.rel1.win32_1.1.1.202309131626/tools/bin/../lib/gcc/arm-none-eabi/11.3.1/../../../../arm-none-eabi/lib/thumb/v7e-m+fp/hard\libc_nano.a(libc_a-memset.o)
                0x00000000080095cc                memset
 .text._reclaim_reent
                0x00000000080095dc       0xac C:/ST/STM32CubeIDE_1.13.2/STM32CubeIDE/plugins/com.st.stm32cube.ide.mcu.externaltools.gnu-tools-for-stm32.11.3.rel1.win32_1.1.1.202309131626/tools/bin/../lib/gcc/arm-none-eabi/11.3.1/../../../../arm-none-eabi/lib/thumb/v7e-m+fp/hard\libc_nano.a(libc_a-reent.o)
                0x00000000080095dc                _reclaim_reent
 .text.__libc_init_array
                0x0000000008009688       0x48 C:/ST/STM32CubeIDE_1.13.2/STM32CubeIDE/plugins/com.st.stm32cube.ide.mcu.externaltools.gnu-tools-for-stm32.11.3.rel1.win32_1.1.1.202309131626/tools/bin/../lib/gcc/arm-none-eabi/11.3.1/../../../../arm-none-eabi/lib/thumb/v7e-m+fp/hard\libc_nano.a(libc_a-init.o)
                0x0000000008009688                __libc_init_array
 .text.__retarget_lock_acquire_recursive
                0x00000000080096d0        0x2 C:/ST/STM32CubeIDE_1.13.2/STM32CubeIDE/plugins/com.st.stm32cube.ide.mcu.externaltools.gnu-tools-for-stm32.11.3.rel1.win32_1.1.1.202309131626/tools/bin/../lib/gcc/arm-none-eabi/11.3.1/../../../../arm-none-eabi/lib/thumb/v7e-m+fp/hard\libc_nano.a(libc_a-lock.o)
                0x00000000080096d0                __retarget_lock_acquire_recursive
 .text.__retarget_lock_release_recursive
                0x00000000080096d2        0x2 C:/ST/STM32CubeIDE_1.13.2/STM32CubeIDE/plugins/com.st.stm32cube.ide.mcu.externaltools.gnu-tools-for-stm32.11.3.rel1.win32_1.1.1.202309131626/tools/bin/../lib/gcc/arm-none-eabi/11.3.1/../../../../arm-none-eabi/lib/thumb/v7e-m+fp/hard\libc_nano.a(libc_a-lock.o)
                0x00000000080096d2                __retarget_lock_release_recursive
 .text.memcpy   0x00000000080096d4       0x1c C:/ST/STM32CubeIDE_1.13.2/STM32CubeIDE/plugins/com.st.stm32cube.ide.mcu.externaltools.gnu-tools-for-stm32.11.3.rel1.win32_1.1.1.202309131626/tools/bin/../lib/gcc/arm-none-eabi/11.3.1/../../../../arm-none-eabi/lib/thumb/v7e-m+fp/hard\libc_nano.a(libc_a-memcpy-stub.o)
                0x00000000080096d4                memcpy
 .text._free_r  0x00000000080096f0       0x98 C:/ST/STM32CubeIDE_1.13.2/STM32CubeIDE/plugins/com.st.stm32cube.ide.mcu.externaltools.gnu-tools-for-stm32.11.3.rel1.win32_1.1.1.202309131626/tools/bin/../lib/gcc/arm-none-eabi/11.3.1/../../../../arm-none-eabi/lib/thumb/v7e-m+fp/hard\libc_nano.a(libc_a-freer.o)
                0x00000000080096f0                _free_r
 .text.__malloc_lock
                0x0000000008009788        0xc C:/ST/STM32CubeIDE_1.13.2/STM32CubeIDE/plugins/com.st.stm32cube.ide.mcu.externaltools.gnu-tools-for-stm32.11.3.rel1.win32_1.1.1.202309131626/tools/bin/../lib/gcc/arm-none-eabi/11.3.1/../../../../arm-none-eabi/lib/thumb/v7e-m+fp/hard\libc_nano.a(libc_a-mlock.o)
                0x0000000008009788                __malloc_lock
 .text.__malloc_unlock
                0x0000000008009794        0xc C:/ST/STM32CubeIDE_1.13.2/STM32CubeIDE/plugins/com.st.stm32cube.ide.mcu.externaltools.gnu-tools-for-stm32.11.3.rel1.win32_1.1.1.202309131626/tools/bin/../lib/gcc/arm-none-eabi/11.3.1/../../../../arm-none-eabi/lib/thumb/v7e-m+fp/hard\libc_nano.a(libc_a-mlock.o)
                0x0000000008009794                __malloc_unlock
 *(.glue_7)
 .glue_7        0x00000000080097a0        0x0 linker stubs
 *(.glue_7t)
 .glue_7t       0x00000000080097a0        0x0 linker stubs
 *(.eh_frame)
 .eh_frame      0x00000000080097a0        0x0 C:/ST/STM32CubeIDE_1.13.2/STM32CubeIDE/plugins/com.st.stm32cube.ide.mcu.externaltools.gnu-tools-for-stm32.11.3.rel1.win32_1.1.1.202309131626/tools/bin/../lib/gcc/arm-none-eabi/11.3.1/thumb/v7e-m+fp/hard/crtbegin.o
 *(.init)
 .init          0x00000000080097a0        0x4 C:/ST/STM32CubeIDE_1.13.2/STM32CubeIDE/plugins/com.st.stm32cube.ide.mcu.externaltools.gnu-tools-for-stm32.11.3.rel1.win32_1.1.1.202309131626/tools/bin/../lib/gcc/arm-none-eabi/11.3.1/thumb/v7e-m+fp/hard/crti.o
                0x00000000080097a0                _init
 .init          0x00000000080097a4        0x8 C:/ST/STM32CubeIDE_1.13.2/STM32CubeIDE/plugins/com.st.stm32cube.ide.mcu.externaltools.gnu-tools-for-stm32.11.3.rel1.win32_1.1.1.202309131626/tools/bin/../lib/gcc/arm-none-eabi/11.3.1/thumb/v7e-m+fp/hard/crtn.o
 *(.fini)
 .fini          0x00000000080097ac        0x4 C:/ST/STM32CubeIDE_1.13.2/STM32CubeIDE/plugins/com.st.stm32cube.ide.mcu.externaltools.gnu-tools-for-stm32.11.3.rel1.win32_1.1.1.202309131626/tools/bin/../lib/gcc/arm-none-eabi/11.3.1/thumb/v7e-m+fp/hard/crti.o
                0x00000000080097ac                _fini
 .fini          0x00000000080097b0        0x8 C:/ST/STM32CubeIDE_1.13.2/STM32CubeIDE/plugins/com.st.stm32cube.ide.mcu.externaltools.gnu-tools-for-stm32.11.3.rel1.win32_1.1.1.202309131626/tools/bin/../lib/gcc/arm-none-eabi/11.3.1/thumb/v7e-m+fp/hard/crtn.o
                0x00000000080097b8                . = ALIGN (0x4)
                0x00000000080097b8                _etext = .

.vfp11_veneer   0x00000000080097b8        0x0
 .vfp11_veneer  0x00000000080097b8        0x0 linker stubs

.v4_bx          0x00000000080097b8        0x0
 .v4_bx         0x00000000080097b8        0x0 linker stubs

.iplt           0x00000000080097b8        0x0
 .iplt          0x00000000080097b8        0x0 C:/ST/STM32CubeIDE_1.13.2/STM32CubeIDE/plugins/com.st.stm32cube.ide.mcu.externaltools.gnu-tools-for-stm32.11.3.rel1.win32_1.1.1.202309131626/tools/bin/../lib/gcc/arm-none-eabi/11.3.1/thumb/v7e-m+fp/hard/crtbegin.o

.rodata         0x00000000080097b8       0xc4
                0x00000000080097b8                . = ALIGN (0x4)
 *(.rodata)
 .rodata        0x00000000080097b8       0x6c ./Core/Src/main.o
 .rodata        0x0000000008009824        0x5 ./Middlewares/Third_Party/FreeRTOS/Source/tasks.o
 *(.rodata*)
 *fill*         0x0000000008009829        0x3 
 .rodata.AHBPrescTable
                0x000000000800982c       0x10 ./Core/Src/system_stm32g4xx.o
                0x000000000800982c                AHBPrescTable
 .rodata.APBPrescTable
                0x000000000800983c        0x8 ./Core/Src/system_stm32g4xx.o
                0x000000000800983c                APBPrescTable
 .rodata.DLCtoBytes
                0x0000000008009844       0x10 ./Drivers/STM32G4xx_HAL_Driver/Src/stm32g4xx_hal_fdcan.o
 .rodata.UARTPrescTable
                0x0000000008009854       0x18 ./Drivers/STM32G4xx_HAL_Driver/Src/stm32g4xx_hal_uart.o
                0x0000000008009854                UARTPrescTable
 .rodata.numerator.1
                0x000000000800986c        0x8 ./Drivers/STM32G4xx_HAL_Driver/Src/stm32g4xx_hal_uart_ex.o
 .rodata.denominator.0
                0x0000000008009874        0x8 ./Drivers/STM32G4xx_HAL_Driver/Src/stm32g4xx_hal_uart_ex.o
                0x000000000800987c                . = ALIGN (0x4)

.ARM.extab      0x000000000800987c        0x0
                0x000000000800987c                . = ALIGN (0x4)
 *(.ARM.extab* .gnu.linkonce.armextab.*)
                0x000000000800987c                . = ALIGN (0x4)

.ARM            0x000000000800987c        0x8
                0x000000000800987c                . = ALIGN (0x4)
                0x000000000800987c                __exidx_start = .
 *(.ARM.exidx*)
 .ARM.exidx     0x000000000800987c        0x8 C:/ST/STM32CubeIDE_1.13.2/STM32CubeIDE/plugins/com.st.stm32cube.ide.mcu.externaltools.gnu-tools-for-stm32.11.3.rel1.win32_1.1.1.202309131626/tools/bin/../lib/gcc/arm-none-eabi/11.3.1/thumb/v7e-m+fp/hard\libgcc.a(_udivmoddi4.o)
                0x0000000008009884                __exidx_end = .
                0x0000000008009884                . = ALIGN (0x4)

.rel.dyn        0x0000000008009884        0x0
 .rel.iplt      0x0000000008009884        0x0 C:/ST/STM32CubeIDE_1.13.2/STM32CubeIDE/plugins/com.st.stm32cube.ide.mcu.externaltools.gnu-tools-for-stm32.11.3.rel1.win32_1.1.1.202309131626/tools/bin/../lib/gcc/arm-none-eabi/11.3.1/thumb/v7e-m+fp/hard/crtbegin.o

.preinit_array  0x0000000008009884        0x0
                0x0000000008009884                . = ALIGN (0x4)
                0x0000000008009884                PROVIDE (__preinit_array_start = .)
 *(.preinit_array*)
                0x0000000008009884                PROVIDE (__preinit_array_end = .)
                0x0000000008009884                . = ALIGN (0x4)

.init_array     0x0000000008009884        0x4
                0x0000000008009884                . = ALIGN (0x4)
                0x0000000008009884                PROVIDE (__init_array_start = .)
 *(SORT_BY_NAME(.init_array.*))
 *(.init_array*)
 .init_array    0x0000000008009884        0x4 C:/ST/STM32CubeIDE_1.13.2/STM32CubeIDE/plugins/com.st.stm32cube.ide.mcu.externaltools.gnu-tools-for-stm32.11.3.rel1.win32_1.1.1.202309131626/tools/bin/../lib/gcc/arm-none-eabi/11.3.1/thumb/v7e-m+fp/hard/crtbegin.o
                0x0000000008009888                PROVIDE (__init_array_end = .)
                0x0000000008009888                . = ALIGN (0x4)

.fini_array     0x0000000008009888        0x4
                0x0000000008009888                . = ALIGN (0x4)
                [!provide]                        PROVIDE (__fini_array_start = .)
 *(SORT_BY_NAME(.fini_array.*))
 *(.fini_array*)
 .fini_array    0x0000000008009888        0x4 C:/ST/STM32CubeIDE_1.13.2/STM32CubeIDE/plugins/com.st.stm32cube.ide.mcu.externaltools.gnu-tools-for-stm32.11.3.rel1.win32_1.1.1.202309131626/tools/bin/../lib/gcc/arm-none-eabi/11.3.1/thumb/v7e-m+fp/hard/crtbegin.o
                [!provide]                        PROVIDE (__fini_array_end = .)
                0x000000000800988c                . = ALIGN (0x4)
                0x000000000800988c                _sidata = LOADADDR (.data)

.data           0x0000000020000000      0x2d8 load address 0x000000000800988c
                0x0000000020000000                . = ALIGN (0x4)
                0x0000000020000000                _sdata = .
 *(.data)
 *(.data*)
 .data.nmt_pre_operation
                0x0000000020000000        0x2 ./Core/Src/motor.o
                0x0000000020000000                nmt_pre_operation
 *fill*         0x0000000020000002        0x2 
 .data.nmt_operation
                0x0000000020000004        0x2 ./Core/Src/motor.o
                0x0000000020000004                nmt_operation
 *fill*         0x0000000020000006        0x2 
 .data.encoder_data_save
                0x0000000020000008        0x8 ./Core/Src/motor.o
                0x0000000020000008                encoder_data_save
 .data.disable_watchdog
                0x0000000020000010        0x8 ./Core/Src/motor.o
                0x0000000020000010                disable_watchdog
 .data.prepare_command
                0x0000000020000018        0x6 ./Core/Src/motor.o
                0x0000000020000018                prepare_command
 *fill*         0x000000002000001e        0x2 
 .data.off_command
                0x0000000020000020        0x6 ./Core/Src/motor.o
                0x0000000020000020                off_command
 *fill*         0x0000000020000026        0x2 
 .data.ctlword_prepare
                0x0000000020000028        0x3 ./Core/Src/motor.o
                0x0000000020000028                ctlword_prepare
 *fill*         0x000000002000002b        0x1 
 .data.T_ctlword_prepare
                0x000000002000002c        0x3 ./Core/Src/motor.o
                0x000000002000002c                T_ctlword_prepare
 *fill*         0x000000002000002f        0x1 
 .data.ctlword_begin
                0x0000000020000030        0x3 ./Core/Src/motor.o
                0x0000000020000030                ctlword_begin
 *fill*         0x0000000020000033        0x1 
 .data.T_ctlword_begin
                0x0000000020000034        0x3 ./Core/Src/motor.o
                0x0000000020000034                T_ctlword_begin
 *fill*         0x0000000020000037        0x1 
 .data.ctlword_servo_on
                0x0000000020000038        0x3 ./Core/Src/motor.o
                0x0000000020000038                ctlword_servo_on
 *fill*         0x000000002000003b        0x1 
 .data.ctlword_servo_RDY
                0x000000002000003c        0x3 ./Core/Src/motor.o
                0x000000002000003c                ctlword_servo_RDY
 *fill*         0x000000002000003f        0x1 
 .data.ctlword_servo_off
                0x0000000020000040        0x3 ./Core/Src/motor.o
                0x0000000020000040                ctlword_servo_off
 *fill*         0x0000000020000043        0x1 
 .data.ctlword_alarm_reset
                0x0000000020000044        0x3 ./Core/Src/motor.o
                0x0000000020000044                ctlword_alarm_reset
 *fill*         0x0000000020000047        0x1 
 .data.T_ctlword_servo_on
                0x0000000020000048        0x3 ./Core/Src/motor.o
                0x0000000020000048                T_ctlword_servo_on
 *fill*         0x000000002000004b        0x1 
 .data.T_ctlword_servo_RDY
                0x000000002000004c        0x3 ./Core/Src/motor.o
                0x000000002000004c                T_ctlword_servo_RDY
 *fill*         0x000000002000004f        0x1 
 .data.T_ctlword_servo_off
                0x0000000020000050        0x3 ./Core/Src/motor.o
                0x0000000020000050                T_ctlword_servo_off
 *fill*         0x0000000020000053        0x1 
 .data.Torquevalue
                0x0000000020000054        0x8 ./Core/Src/motor.o
                0x0000000020000054                Torquevalue
 .data.TorquespeedLimit
                0x000000002000005c        0x8 ./Core/Src/motor.o
                0x000000002000005c                TorquespeedLimit
 .data.Torquerate
                0x0000000020000064        0x8 ./Core/Src/motor.o
                0x0000000020000064                Torquerate
 .data.ctlword_encoder_init_prepare
                0x000000002000006c        0x3 ./Core/Src/motor.o
                0x000000002000006c                ctlword_encoder_init_prepare
 *fill*         0x000000002000006f        0x1 
 .data.ctlword_encoder_init_command
                0x0000000020000070        0x5 ./Core/Src/motor.o
                0x0000000020000070                ctlword_encoder_init_command
 *fill*         0x0000000020000075        0x3 
 .data.ctlword_encoder_init_begin
                0x0000000020000078        0x3 ./Core/Src/motor.o
                0x0000000020000078                ctlword_encoder_init_begin
 *fill*         0x000000002000007b        0x1 
 .data.ctlword_encoder_init_MotorOFF
                0x000000002000007c        0x3 ./Core/Src/motor.o
                0x000000002000007c                ctlword_encoder_init_MotorOFF
 *fill*         0x000000002000007f        0x1 
 .data.ctlword_mode_change_position
                0x0000000020000080        0x3 ./Core/Src/motor.o
                0x0000000020000080                ctlword_mode_change_position
 *fill*         0x0000000020000083        0x1 
 .data.ctlword_mode_change_torque
                0x0000000020000084        0x3 ./Core/Src/motor.o
                0x0000000020000084                ctlword_mode_change_torque
 *fill*         0x0000000020000087        0x1 
 .data.set_mode_position
                0x0000000020000088        0x5 ./Core/Src/motor.o
                0x0000000020000088                set_mode_position
 *fill*         0x000000002000008d        0x3 
 .data.set_profile_speed
                0x0000000020000090        0x8 ./Core/Src/motor.o
                0x0000000020000090                set_profile_speed
 .data.set_acceleration
                0x0000000020000098        0x8 ./Core/Src/motor.o
                0x0000000020000098                set_acceleration
 .data.set_deceleration
                0x00000000200000a0        0x8 ./Core/Src/motor.o
                0x00000000200000a0                set_deceleration
 .data.set_target_position
                0x00000000200000a8        0x8 ./Core/Src/motor.o
                0x00000000200000a8                set_target_position
 .data.rx_cobid_pos_vel
                0x00000000200000b0        0x8 ./Core/Src/motor.o
                0x00000000200000b0                rx_cobid_pos_vel
 .data.rx_mapping_pos_vel
                0x00000000200000b8        0x5 ./Core/Src/motor.o
                0x00000000200000b8                rx_mapping_pos_vel
 *fill*         0x00000000200000bd        0x3 
 .data.rx_pos_cmd
                0x00000000200000c0        0x8 ./Core/Src/motor.o
                0x00000000200000c0                rx_pos_cmd
 .data.rx_vel_cmd
                0x00000000200000c8        0x8 ./Core/Src/motor.o
                0x00000000200000c8                rx_vel_cmd
 .data.rx_mapping_pos_vel_set
                0x00000000200000d0        0x5 ./Core/Src/motor.o
                0x00000000200000d0                rx_mapping_pos_vel_set
 *fill*         0x00000000200000d5        0x3 
 .data.rx_com_pos_vel
                0x00000000200000d8        0x8 ./Core/Src/motor.o
                0x00000000200000d8                rx_com_pos_vel
 .data.rx_tim_pos_vel
                0x00000000200000e0        0x5 ./Core/Src/motor.o
                0x00000000200000e0                rx_tim_pos_vel
 *fill*         0x00000000200000e5        0x3 
 .data.rx_tim_pd_pos_vel
                0x00000000200000e8        0x6 ./Core/Src/motor.o
                0x00000000200000e8                rx_tim_pd_pos_vel
 *fill*         0x00000000200000ee        0x2 
 .data.rx_cobid_acc_dec
                0x00000000200000f0        0x8 ./Core/Src/motor.o
                0x00000000200000f0                rx_cobid_acc_dec
 .data.rx_mapping_acc_dec
                0x00000000200000f8        0x5 ./Core/Src/motor.o
                0x00000000200000f8                rx_mapping_acc_dec
 *fill*         0x00000000200000fd        0x3 
 .data.rx_acc_cmd
                0x0000000020000100        0x8 ./Core/Src/motor.o
                0x0000000020000100                rx_acc_cmd
 .data.rx_dec_cmd
                0x0000000020000108        0x8 ./Core/Src/motor.o
                0x0000000020000108                rx_dec_cmd
 .data.rx_mapping_acc_dec_set
                0x0000000020000110        0x5 ./Core/Src/motor.o
                0x0000000020000110                rx_mapping_acc_dec_set
 *fill*         0x0000000020000115        0x3 
 .data.rx_com_acc_dec
                0x0000000020000118        0x8 ./Core/Src/motor.o
                0x0000000020000118                rx_com_acc_dec
 .data.rx_tim_acc_dec
                0x0000000020000120        0x5 ./Core/Src/motor.o
                0x0000000020000120                rx_tim_acc_dec
 *fill*         0x0000000020000125        0x3 
 .data.rx_tim_pd_acc_dec
                0x0000000020000128        0x6 ./Core/Src/motor.o
                0x0000000020000128                rx_tim_pd_acc_dec
 *fill*         0x000000002000012e        0x2 
 .data.rx_cobid_ctlword
                0x0000000020000130        0x8 ./Core/Src/motor.o
                0x0000000020000130                rx_cobid_ctlword
 .data.rx_mapping_ctlword
                0x0000000020000138        0x5 ./Core/Src/motor.o
                0x0000000020000138                rx_mapping_ctlword
 *fill*         0x000000002000013d        0x3 
 .data.rx_ctlword_cmd
                0x0000000020000140        0x8 ./Core/Src/motor.o
                0x0000000020000140                rx_ctlword_cmd
 .data.rx_opermode_cmd
                0x0000000020000148        0x8 ./Core/Src/motor.o
                0x0000000020000148                rx_opermode_cmd
 .data.rx_mapping_ctlword_set
                0x0000000020000150        0x5 ./Core/Src/motor.o
                0x0000000020000150                rx_mapping_ctlword_set
 *fill*         0x0000000020000155        0x3 
 .data.rx_com_ctlword
                0x0000000020000158        0x8 ./Core/Src/motor.o
                0x0000000020000158                rx_com_ctlword
 .data.rx_tim_ctlword
                0x0000000020000160        0x5 ./Core/Src/motor.o
                0x0000000020000160                rx_tim_ctlword
 *fill*         0x0000000020000165        0x3 
 .data.rx_tim_pd_ctlword
                0x0000000020000168        0x6 ./Core/Src/motor.o
                0x0000000020000168                rx_tim_pd_ctlword
 *fill*         0x000000002000016e        0x2 
 .data.rx_cobid_homeoffset
                0x0000000020000170        0x8 ./Core/Src/motor.o
                0x0000000020000170                rx_cobid_homeoffset
 .data.rx_mapping_homeoffset
                0x0000000020000178        0x5 ./Core/Src/motor.o
                0x0000000020000178                rx_mapping_homeoffset
 *fill*         0x000000002000017d        0x3 
 .data.rx_homemode_cmd
                0x0000000020000180        0x8 ./Core/Src/motor.o
                0x0000000020000180                rx_homemode_cmd
 .data.rx_homeoffset_cmd
                0x0000000020000188        0x8 ./Core/Src/motor.o
                0x0000000020000188                rx_homeoffset_cmd
 .data.rx_mapping_homeoffset_set
                0x0000000020000190        0x5 ./Core/Src/motor.o
                0x0000000020000190                rx_mapping_homeoffset_set
 *fill*         0x0000000020000195        0x3 
 .data.rx_com_homeoffset
                0x0000000020000198        0x8 ./Core/Src/motor.o
                0x0000000020000198                rx_com_homeoffset
 .data.rx_tim_homeoffset
                0x00000000200001a0        0x5 ./Core/Src/motor.o
                0x00000000200001a0                rx_tim_homeoffset
 *fill*         0x00000000200001a5        0x3 
 .data.rx_tim_pd_homeoffset
                0x00000000200001a8        0x6 ./Core/Src/motor.o
                0x00000000200001a8                rx_tim_pd_homeoffset
 *fill*         0x00000000200001ae        0x2 
 .data.tx_cobid_pos_vel
                0x00000000200001b0        0x8 ./Core/Src/motor.o
                0x00000000200001b0                tx_cobid_pos_vel
 .data.tx_mapping_pos_vel
                0x00000000200001b8        0x5 ./Core/Src/motor.o
                0x00000000200001b8                tx_mapping_pos_vel
 *fill*         0x00000000200001bd        0x3 
 .data.tx_pos_info
                0x00000000200001c0        0x8 ./Core/Src/motor.o
                0x00000000200001c0                tx_pos_info
 .data.tx_vel_info
                0x00000000200001c8        0x8 ./Core/Src/motor.o
                0x00000000200001c8                tx_vel_info
 .data.tx_mapping_pos_vel_set
                0x00000000200001d0        0x5 ./Core/Src/motor.o
                0x00000000200001d0                tx_mapping_pos_vel_set
 *fill*         0x00000000200001d5        0x3 
 .data.tx_com_pos_vel
                0x00000000200001d8        0x8 ./Core/Src/motor.o
                0x00000000200001d8                tx_com_pos_vel
 .data.tx_tim_pos_vel
                0x00000000200001e0        0x5 ./Core/Src/motor.o
                0x00000000200001e0                tx_tim_pos_vel
 *fill*         0x00000000200001e5        0x3 
 .data.tx_tim_pd_pos_vel
                0x00000000200001e8        0x6 ./Core/Src/motor.o
                0x00000000200001e8                tx_tim_pd_pos_vel
 *fill*         0x00000000200001ee        0x2 
 .data.tx_cobid_tor_cur
                0x00000000200001f0        0x8 ./Core/Src/motor.o
                0x00000000200001f0                tx_cobid_tor_cur
 .data.tx_mapping_tor_cur
                0x00000000200001f8        0x5 ./Core/Src/motor.o
                0x00000000200001f8                tx_mapping_tor_cur
 *fill*         0x00000000200001fd        0x3 
 .data.tx_tor_info
                0x0000000020000200        0x8 ./Core/Src/motor.o
                0x0000000020000200                tx_tor_info
 .data.tx_cur_info
                0x0000000020000208        0x8 ./Core/Src/motor.o
                0x0000000020000208                tx_cur_info
 .data.tx_mapping_tor_cur_set
                0x0000000020000210        0x5 ./Core/Src/motor.o
                0x0000000020000210                tx_mapping_tor_cur_set
 *fill*         0x0000000020000215        0x3 
 .data.tx_com_tor_cur
                0x0000000020000218        0x8 ./Core/Src/motor.o
                0x0000000020000218                tx_com_tor_cur
 .data.tx_tim_tor_cur
                0x0000000020000220        0x5 ./Core/Src/motor.o
                0x0000000020000220                tx_tim_tor_cur
 *fill*         0x0000000020000225        0x3 
 .data.tx_tim_pd_tor_cur
                0x0000000020000228        0x6 ./Core/Src/motor.o
                0x0000000020000228                tx_tim_pd_tor_cur
 *fill*         0x000000002000022e        0x2 
 .data.tx_cobid_status
                0x0000000020000230        0x8 ./Core/Src/motor.o
                0x0000000020000230                tx_cobid_status
 .data.tx_mapping_status
                0x0000000020000238        0x5 ./Core/Src/motor.o
                0x0000000020000238                tx_mapping_status
 *fill*         0x000000002000023d        0x3 
 .data.tx_status_info
                0x0000000020000240        0x8 ./Core/Src/motor.o
                0x0000000020000240                tx_status_info
 .data.tx_modestatus_info
                0x0000000020000248        0x8 ./Core/Src/motor.o
                0x0000000020000248                tx_modestatus_info
 .data.tx_errorstatus_info
                0x0000000020000250        0x8 ./Core/Src/motor.o
                0x0000000020000250                tx_errorstatus_info
 .data.tx_mapping_status_set
                0x0000000020000258        0x5 ./Core/Src/motor.o
                0x0000000020000258                tx_mapping_status_set
 *fill*         0x000000002000025d        0x3 
 .data.tx_com_status
                0x0000000020000260        0x8 ./Core/Src/motor.o
                0x0000000020000260                tx_com_status
 .data.tx_tim_status
                0x0000000020000268        0x5 ./Core/Src/motor.o
                0x0000000020000268                tx_tim_status
 *fill*         0x000000002000026d        0x3 
 .data.tx_tim_pd_status
                0x0000000020000270        0x6 ./Core/Src/motor.o
                0x0000000020000270                tx_tim_pd_status
 *fill*         0x0000000020000276        0x2 
 .data.SystemCoreClock
                0x0000000020000278        0x4 ./Core/Src/system_stm32g4xx.o
                0x0000000020000278                SystemCoreClock
 .data.uwTickPrio
                0x000000002000027c        0x4 ./Drivers/STM32G4xx_HAL_Driver/Src/stm32g4xx_hal.o
                0x000000002000027c                uwTickPrio
 .data.uwTickFreq
                0x0000000020000280        0x4 ./Drivers/STM32G4xx_HAL_Driver/Src/stm32g4xx_hal.o
                0x0000000020000280                uwTickFreq
 .data.uxCriticalNesting
                0x0000000020000284        0x4 ./Middlewares/Third_Party/FreeRTOS/Source/portable/GCC/ARM_CM4F/port.o
 .data._impure_data
                0x0000000020000288       0x4c C:/ST/STM32CubeIDE_1.13.2/STM32CubeIDE/plugins/com.st.stm32cube.ide.mcu.externaltools.gnu-tools-for-stm32.11.3.rel1.win32_1.1.1.202309131626/tools/bin/../lib/gcc/arm-none-eabi/11.3.1/../../../../arm-none-eabi/lib/thumb/v7e-m+fp/hard\libc_nano.a(libc_a-impure.o)
                0x0000000020000288                _impure_data
 .data._impure_ptr
                0x00000000200002d4        0x4 C:/ST/STM32CubeIDE_1.13.2/STM32CubeIDE/plugins/com.st.stm32cube.ide.mcu.externaltools.gnu-tools-for-stm32.11.3.rel1.win32_1.1.1.202309131626/tools/bin/../lib/gcc/arm-none-eabi/11.3.1/../../../../arm-none-eabi/lib/thumb/v7e-m+fp/hard\libc_nano.a(libc_a-impure.o)
                0x00000000200002d4                _impure_ptr
 *(.RamFunc)
 *(.RamFunc*)
                0x00000000200002d8                . = ALIGN (0x4)
                0x00000000200002d8                _edata = .

.igot.plt       0x00000000200002d8        0x0 load address 0x0000000008009b64
 .igot.plt      0x00000000200002d8        0x0 C:/ST/STM32CubeIDE_1.13.2/STM32CubeIDE/plugins/com.st.stm32cube.ide.mcu.externaltools.gnu-tools-for-stm32.11.3.rel1.win32_1.1.1.202309131626/tools/bin/../lib/gcc/arm-none-eabi/11.3.1/thumb/v7e-m+fp/hard/crtbegin.o
                0x00000000200002d8                . = ALIGN (0x4)

.bss            0x00000000200002d8     0x2d5c load address 0x0000000008009b64
                0x00000000200002d8                _sbss = .
                0x00000000200002d8                __bss_start__ = _sbss
 *(.bss)
 .bss           0x00000000200002d8       0x1c C:/ST/STM32CubeIDE_1.13.2/STM32CubeIDE/plugins/com.st.stm32cube.ide.mcu.externaltools.gnu-tools-for-stm32.11.3.rel1.win32_1.1.1.202309131626/tools/bin/../lib/gcc/arm-none-eabi/11.3.1/thumb/v7e-m+fp/hard/crtbegin.o
 *(.bss*)
 .bss.servo_on_status
                0x00000000200002f4        0x1 ./Core/Src/motor.o
                0x00000000200002f4                servo_on_status
 *fill*         0x00000000200002f5        0x3 
 .bss.HAL_RCC_FDCAN_CLK_ENABLED
                0x00000000200002f8        0x4 ./Core/Src/stm32g4xx_hal_msp.o
 .bss.pxCurrentTCB
                0x00000000200002fc        0x4 ./Middlewares/Third_Party/FreeRTOS/Source/tasks.o
                0x00000000200002fc                pxCurrentTCB
 .bss.pxReadyTasksLists
                0x0000000020000300       0x8c ./Middlewares/Third_Party/FreeRTOS/Source/tasks.o
 .bss.xDelayedTaskList1
                0x000000002000038c       0x14 ./Middlewares/Third_Party/FreeRTOS/Source/tasks.o
 .bss.xDelayedTaskList2
                0x00000000200003a0       0x14 ./Middlewares/Third_Party/FreeRTOS/Source/tasks.o
 .bss.pxDelayedTaskList
                0x00000000200003b4        0x4 ./Middlewares/Third_Party/FreeRTOS/Source/tasks.o
 .bss.pxOverflowDelayedTaskList
                0x00000000200003b8        0x4 ./Middlewares/Third_Party/FreeRTOS/Source/tasks.o
 .bss.xPendingReadyList
                0x00000000200003bc       0x14 ./Middlewares/Third_Party/FreeRTOS/Source/tasks.o
 .bss.xTasksWaitingTermination
                0x00000000200003d0       0x14 ./Middlewares/Third_Party/FreeRTOS/Source/tasks.o
 .bss.uxDeletedTasksWaitingCleanUp
                0x00000000200003e4        0x4 ./Middlewares/Third_Party/FreeRTOS/Source/tasks.o
 .bss.xSuspendedTaskList
                0x00000000200003e8       0x14 ./Middlewares/Third_Party/FreeRTOS/Source/tasks.o
 .bss.uxCurrentNumberOfTasks
                0x00000000200003fc        0x4 ./Middlewares/Third_Party/FreeRTOS/Source/tasks.o
 .bss.xTickCount
                0x0000000020000400        0x4 ./Middlewares/Third_Party/FreeRTOS/Source/tasks.o
 .bss.uxTopReadyPriority
                0x0000000020000404        0x4 ./Middlewares/Third_Party/FreeRTOS/Source/tasks.o
 .bss.xSchedulerRunning
                0x0000000020000408        0x4 ./Middlewares/Third_Party/FreeRTOS/Source/tasks.o
 .bss.xPendedTicks
                0x000000002000040c        0x4 ./Middlewares/Third_Party/FreeRTOS/Source/tasks.o
 .bss.xYieldPending
                0x0000000020000410        0x4 ./Middlewares/Third_Party/FreeRTOS/Source/tasks.o
 .bss.xNumOfOverflows
                0x0000000020000414        0x4 ./Middlewares/Third_Party/FreeRTOS/Source/tasks.o
 .bss.uxTaskNumber
                0x0000000020000418        0x4 ./Middlewares/Third_Party/FreeRTOS/Source/tasks.o
 .bss.xNextTaskUnblockTime
                0x000000002000041c        0x4 ./Middlewares/Third_Party/FreeRTOS/Source/tasks.o
 .bss.xIdleTaskHandle
                0x0000000020000420        0x4 ./Middlewares/Third_Party/FreeRTOS/Source/tasks.o
 .bss.uxSchedulerSuspended
                0x0000000020000424        0x4 ./Middlewares/Third_Party/FreeRTOS/Source/tasks.o
 .bss.ucMaxSysCallPriority
                0x0000000020000428        0x1 ./Middlewares/Third_Party/FreeRTOS/Source/portable/GCC/ARM_CM4F/port.o
 *fill*         0x0000000020000429        0x3 
 .bss.ulMaxPRIGROUPValue
                0x000000002000042c        0x4 ./Middlewares/Third_Party/FreeRTOS/Source/portable/GCC/ARM_CM4F/port.o
 .bss.ucHeap    0x0000000020000430     0x2400 ./Middlewares/Third_Party/FreeRTOS/Source/portable/MemMang/heap_4.o
 .bss.xStart    0x0000000020002830        0x8 ./Middlewares/Third_Party/FreeRTOS/Source/portable/MemMang/heap_4.o
 .bss.pxEnd     0x0000000020002838        0x4 ./Middlewares/Third_Party/FreeRTOS/Source/portable/MemMang/heap_4.o
 .bss.xFreeBytesRemaining
                0x000000002000283c        0x4 ./Middlewares/Third_Party/FreeRTOS/Source/portable/MemMang/heap_4.o
 .bss.xMinimumEverFreeBytesRemaining
                0x0000000020002840        0x4 ./Middlewares/Third_Party/FreeRTOS/Source/portable/MemMang/heap_4.o
 .bss.xNumberOfSuccessfulAllocations
                0x0000000020002844        0x4 ./Middlewares/Third_Party/FreeRTOS/Source/portable/MemMang/heap_4.o
 .bss.xNumberOfSuccessfulFrees
                0x0000000020002848        0x4 ./Middlewares/Third_Party/FreeRTOS/Source/portable/MemMang/heap_4.o
 .bss.xBlockAllocatedBit
                0x000000002000284c        0x4 ./Middlewares/Third_Party/FreeRTOS/Source/portable/MemMang/heap_4.o
 .bss.__sf      0x0000000020002850      0x138 C:/ST/STM32CubeIDE_1.13.2/STM32CubeIDE/plugins/com.st.stm32cube.ide.mcu.externaltools.gnu-tools-for-stm32.11.3.rel1.win32_1.1.1.202309131626/tools/bin/../lib/gcc/arm-none-eabi/11.3.1/../../../../arm-none-eabi/lib/thumb/v7e-m+fp/hard\libc_nano.a(libc_a-findfp.o)
                0x0000000020002850                __sf
 .bss.__lock___malloc_recursive_mutex
                0x0000000020002988        0x1 C:/ST/STM32CubeIDE_1.13.2/STM32CubeIDE/plugins/com.st.stm32cube.ide.mcu.externaltools.gnu-tools-for-stm32.11.3.rel1.win32_1.1.1.202309131626/tools/bin/../lib/gcc/arm-none-eabi/11.3.1/../../../../arm-none-eabi/lib/thumb/v7e-m+fp/hard\libc_nano.a(libc_a-lock.o)
                0x0000000020002988                __lock___malloc_recursive_mutex
 *fill*         0x0000000020002989        0x3 
 .bss.__malloc_free_list
                0x000000002000298c        0x4 C:/ST/STM32CubeIDE_1.13.2/STM32CubeIDE/plugins/com.st.stm32cube.ide.mcu.externaltools.gnu-tools-for-stm32.11.3.rel1.win32_1.1.1.202309131626/tools/bin/../lib/gcc/arm-none-eabi/11.3.1/../../../../arm-none-eabi/lib/thumb/v7e-m+fp/hard\libc_nano.a(libc_a-mallocr.o)
                0x000000002000298c                __malloc_free_list
 *(COMMON)
 COMMON         0x0000000020002990      0x5f8 ./Core/Src/acc_brk_ctrl.o
                0x0000000020002990                acc
                0x00000000200029d0                txdata1
                0x00000000200029d8                Can_Rx_Header
                0x0000000020002a00                Can_Tx_Header_can1
                0x0000000020002a24                test_data1
                0x0000000020002a2c                hfdcan3
                0x0000000020002a90                rxdata1
                0x0000000020002a98                feq_20ms
                0x0000000020002a9c                txdata2
                0x0000000020002aa4                can1_tx_header
                0x0000000020002ac8                Can_Rx_Header_CAN3
                0x0000000020002af0                test_data3
                0x0000000020002af8                hdma_usart1_tx
                0x0000000020002b58                can2_tx_header
                0x0000000020002b7c                hdma_usart1_rx
                0x0000000020002bdc                motor_cmd
                0x0000000020002c70                huart1
                0x0000000020002d00                can1_rx_header
                0x0000000020002d28                test_data2
                0x0000000020002d30                Can_Tx_Header_can3
                0x0000000020002d54                hfdcan1
                0x0000000020002db8                txdata3
                0x0000000020002dc0                timer_20ms
                0x0000000020002dc4                can2_rx_header
                0x0000000020002dec                Can_Tx_Header
                0x0000000020002e10                Can_Rx_Header_CAN1
                0x0000000020002e38                motor_pw_check
                0x0000000020002e3c                rxdata2
                0x0000000020002e44                Can_Rx_Header_CAN2
                0x0000000020002e6c                Can_Tx_Header_can2
                0x0000000020002e90                stat
                0x0000000020002e9c                CAN_ERROR_cnt
                0x0000000020002ea0                motor_info
                0x0000000020002ee4                rxdata3
                0x0000000020002eec                brk
                0x0000000020002f10                uart
                0x0000000020002f21                timer_10ms
                0x0000000020002f24                hfdcan2
 COMMON         0x0000000020002f88       0x54 ./Core/Src/main.o
                0x0000000020002f88                TreezeTask_3Handle
                0x0000000020002f8c                can3_filter
                0x0000000020002fa4                can1_filter
                0x0000000020002fbc                TreezeTask_2Handle
                0x0000000020002fc0                can2_filter
                0x0000000020002fd8                TreezeTask_1Handle
 COMMON         0x0000000020002fdc       0x4c ./Core/Src/stm32g4xx_hal_timebase_tim.o
                0x0000000020002fdc                htim1
 COMMON         0x0000000020003028        0x8 ./Core/Src/uart.o
                0x0000000020003028                test_buffer
 COMMON         0x0000000020003030        0x4 ./Drivers/STM32G4xx_HAL_Driver/Src/stm32g4xx_hal.o
                0x0000000020003030                uwTick
                0x0000000020003034                . = ALIGN (0x4)
                0x0000000020003034                _ebss = .
                0x0000000020003034                __bss_end__ = _ebss

._user_heap_stack
                0x0000000020003034      0x604 load address 0x0000000008009b64