../Core/Src/acc_brk_ctrl.c:21:6:Accel_Control_Task	8	static
../Core/Src/acc_brk_ctrl.c:33:6:Accel_Command_Info_Data_Parsing	8	static
../Core/Src/acc_brk_ctrl.c:90:6:Accel_Control_Sequnce	8	static
../Core/Src/acc_brk_ctrl.c:110:6:Accel_Alive_Count	4	static
../Core/Src/acc_brk_ctrl.c:127:6:Brake_Control_Task	8	static
../Core/Src/acc_brk_ctrl.c:143:6:Brake_Command_Info_Data_Parsing	4	static
../Core/Src/acc_brk_ctrl.c:166:6:Motor_Encoder_Init	16	static
../Core/Src/acc_brk_ctrl.c:192:6:Brake_Control_Sequnce	8	static
../Core/Src/acc_brk_ctrl.c:221:6:Position_Control_Mode_On	16	static
../Core/Src/acc_brk_ctrl.c:255:6:Position_Control_Mode_Off	16	static
../Core/Src/acc_brk_ctrl.c:278:6:Servo_On	4	static
../Core/Src/acc_brk_ctrl.c:283:6:Servo_Off	4	static
../Core/Src/acc_brk_ctrl.c:288:6:Motor_Auto_On	4	static
../Core/Src/acc_brk_ctrl.c:293:6:Motor_Auto_Off	4	static
../Core/Src/acc_brk_ctrl.c:301:6:Module_Status_Task	8	static
../Core/Src/acc_brk_ctrl.c:313:6:Module_Status_Sequnce	8	static
../Core/Src/acc_brk_ctrl.c:333:6:Status_Alive_Count	4	static
../Core/Src/acc_brk_ctrl.c:347:6:Debug_Data_Parsing	4	static
