../Core/Src/main.c:96:5:main	80	static
../Core/Src/main.c:187:6:SystemClock_Config	88	static
../Core/Src/main.c:233:13:MX_FDCAN1_Init	8	static
../Core/Src/main.c:297:13:MX_FDCAN2_Init	8	static
../Core/Src/main.c:361:13:MX_FDCAN3_Init	16	static
../Core/Src/main.c:430:13:MX_USART1_UART_Init	8	static
../Core/Src/main.c:479:13:MX_DMA_Init	16	static
../Core/Src/main.c:501:13:MX_GPIO_Init	24	static
../Core/Src/main.c:527:13:StartTreezeTask_1	16	static
../Core/Src/main.c:545:13:StartTreezeTask_2	16	static
../Core/Src/main.c:563:13:StartTreezeTask_3	16	static
../Core/Src/main.c:582:6:HAL_TIM_PeriodElapsedCallback	16	static
../Core/Src/main.c:599:6:Error_Handler	4	static,ignoring_inline_asm
