../Core/Src/motor.c:186:6:MotionControlControl	16	static
../Core/Src/motor.c:334:6:MotorCommandFlagUpdate	16	static
../Core/Src/motor.c:436:6:MotorInit	8	static
../Core/Src/motor.c:462:6:DisableMotorWatchdog	8	static
../Core/Src/motor.c:471:6:MotorOperation	8	static
../Core/Src/motor.c:477:6:MotorResetOperation	8	static
../Core/Src/motor.c:483:6:MotorSetPositionMode	8	static
../Core/Src/motor.c:507:6:MotorPDOMappingPosVel	8	static
../Core/Src/motor.c:534:6:MotorPDOMappingAccDec	8	static
../Core/Src/motor.c:561:6:MotorPDOMappingCtrlWord	8	static
../Core/Src/motor.c:588:6:MotorPDOMappingHomeOffest	8	static
../Core/Src/motor.c:615:6:MotorPDOMappingPosVelInfo	8	static
../Core/Src/motor.c:642:6:MotorPDOMappingTorCurrInfo	8	static
../Core/Src/motor.c:669:6:MotorPDOMappingStatusInfo	8	static
../Core/Src/motor.c:699:6:MotorAccDecInit	4	static
../Core/Src/motor.c:712:6:MotorEncoderInitPrepare_Type2	8	static
../Core/Src/motor.c:717:6:MotorEncoderInitCommand_Type2	8	static
../Core/Src/motor.c:722:6:MotorEncoderInitPrepare_1_Type2	8	static
../Core/Src/motor.c:727:6:MotorEncoderInitPrepare_2_Type2	8	static
../Core/Src/motor.c:732:6:MotorEncoderInitBegin_Type2	8	static
../Core/Src/motor.c:737:6:MotorEncoderInitMOTOROFF_Type2	8	static
../Core/Src/motor.c:743:6:MotorEncoderInitPrepare	8	static
../Core/Src/motor.c:748:6:MotorEncoderInitCommand	8	static
../Core/Src/motor.c:753:6:MotorEncoderInitBegin	8	static
../Core/Src/motor.c:759:6:MotorEncoderInitMOTOROFF	8	static
../Core/Src/motor.c:764:6:MotorEncoderInitMOTOROFF2	8	static
../Core/Src/motor.c:769:6:MotorAlarmReset	8	static
../Core/Src/motor.c:774:6:MotorServeOnOff	16	static
../Core/Src/motor.c:804:6:P_mode_MotorServoOn	8	static
../Core/Src/motor.c:823:6:P_mode_MotorServoOff	8	static
../Core/Src/motor.c:829:6:T_mode_MotorServoOn	8	static
../Core/Src/motor.c:848:6:T_mode_MotorServoOff	8	static
../Core/Src/motor.c:854:6:TorqueCommandConverter	16	static
../Core/Src/motor.c:883:6:MotorPrepare	8	static
../Core/Src/motor.c:889:6:T_MotorPrepare	8	static
../Core/Src/motor.c:895:6:MotorStart	8	static
../Core/Src/motor.c:900:6:T_MotorStart	8	static
../Core/Src/motor.c:905:6:MotorCommandConverter	40	static
../Core/Src/motor.c:962:6:MotorInfoConverter	40	static
../Core/Src/motor.c:1001:6:MotorInitCommand	24	static
../Core/Src/motor.c:1012:6:MotorSetCommand	24	static
../Core/Src/motor.c:1028:6:MotorControlCommand	24	static
../Core/Src/motor.c:1044:6:MotorInofrmation	24	static
../Core/Src/motor.c:1056:6:CanErrorCheck	24	static
../Core/Src/motor.c:1080:6:MotorSequnceTimer	16	static
